base referer
rect $_sql_server_ov_association_property_definition_8h.html 820,484 1105,511
rect $_sql_server_ov_class_collection_8h.html 1719,383 1921,409
rect $_sql_server_ov_physical_schema_mapping_8h.html 1969,383 2231,409
rect $_sql_server_ov_class_definition_8h.html 1471,661 1671,688
rect $_sql_server_ov_column_8h.html 220,788 377,815
rect $_sql_server_ov_data_property_definition_8h.html 499,788 744,815
rect $_sql_server_ov_data_property_definition_collection_8h.html 811,737 1115,764
rect $_sql_server_ov_geometric_column_8h.html 189,636 408,663
rect $_sql_server_ov_geometric_property_definition_8h.html 481,687 761,713
rect $_sql_server_ov_object_property_definition_8h.html 1165,383 1421,409
rect $_sql_server_ov_property_definition_8h.html 189,585 408,612
rect $_sql_server_ov_property_definition_collection_8h.html 483,535 760,561
rect $_sql_server_ov_property_mapping_class_8h.html 840,281 1085,308
rect $_sql_server_ov_property_mapping_concrete_8h.html 829,332 1096,359
rect $_sql_server_ov_property_mapping_definition_8h.html 164,383 433,409
rect $_sql_server_ov_property_mapping_relation_8h.html 491,281 752,308
rect $_sql_server_ov_property_mapping_single_8h.html 496,433 747,460
rect $_sql_server_ov_table_8h.html 551,889 692,916
rect $_sql_server_ov_text_in_row_option_8h.html 192,991 405,1017
