base referer
rect $de/d2b/mg_i_base_select_8h.htm 259,57 382,84
rect $da/d78/mg_i_delete_8h.htm 274,108 367,135
rect $db/d65/mg_i_update_8h.htm 271,159 370,185
rect $d9/d9f/mg_i_acquire_lock_8h.htm 256,209 384,236
rect $d1/d0c/mg_i_get_lock_info_8h.htm 256,311 384,337
rect $d3/dce/mg_i_release_lock_8h.htm 255,361 386,388
rect $dd/d38/mg_i_commit_long_transaction_8h.htm 220,412 420,439
rect $de/da7/mg_i_rollback_long_transaction_8h.htm 218,463 423,489
rect $d3/d82/mg_i_feature_command_imp_8h.htm 228,260 412,287
rect $d1/dd1/mg_i_base_select_imp_8h.htm 514,108 658,135
rect $da/d62/mg_i_select_8h.htm 539,57 632,84
rect $d7/dcd/mg_i_select_aggregates_8h.htm 506,7 666,33
rect $da/db8/mg_i_select_aggregates_imp_8h.htm 748,20 932,47
rect $db/d8d/mg_i_select_imp_8h.htm 783,96 898,123
rect $d3/d40/mg_i_delete_imp_8h.htm 528,159 643,185
rect $d5/df6/mg_i_update_imp_8h.htm 526,209 646,236
rect $dd/ddb/mg_i_acquire_lock_imp_8h.htm 510,260 662,287
rect $df/d32/mg_i_get_lock_info_imp_8h.htm 511,311 660,337
rect $d6/dd0/mg_i_release_lock_imp_8h.htm 508,361 663,388
rect $d3/d7f/mg_i_commit_long_transaction_imp_8h.htm 474,412 698,439
rect $de/daf/mg_i_rollback_long_transaction_imp_8h.htm 472,463 699,489
