base referer
rect $de/d2b/mg_i_base_select_8h.html 263,57 385,84
rect $da/d78/mg_i_delete_8h.html 277,108 371,135
rect $db/d65/mg_i_update_8h.html 275,159 373,185
rect $d9/d9f/mg_i_acquire_lock_8h.html 260,209 388,236
rect $d1/d0c/mg_i_get_lock_info_8h.html 260,311 388,337
rect $d3/dce/mg_i_release_lock_8h.html 257,361 391,388
rect $dd/d38/mg_i_commit_long_transaction_8h.html 224,412 424,439
rect $de/da7/mg_i_rollback_long_transaction_8h.html 221,463 427,489
rect $d3/d82/mg_i_feature_command_imp_8h.html 231,260 417,287
rect $d1/dd1/mg_i_base_select_imp_8h.html 517,108 664,135
rect $da/d62/mg_i_select_8h.html 544,57 637,84
rect $d7/dcd/mg_i_select_aggregates_8h.html 511,7 671,33
rect $da/db8/mg_i_select_aggregates_imp_8h.html 753,20 937,47
rect $db/d8d/mg_i_select_imp_8h.html 788,96 903,123
rect $d3/d40/mg_i_delete_imp_8h.html 532,159 649,185
rect $d5/df6/mg_i_update_imp_8h.html 531,209 651,236
rect $dd/ddb/mg_i_acquire_lock_imp_8h.html 515,260 667,287
rect $df/d32/mg_i_get_lock_info_imp_8h.html 515,311 667,337
rect $d6/dd0/mg_i_release_lock_imp_8h.html 513,361 668,388
rect $d3/d7f/mg_i_commit_long_transaction_imp_8h.html 479,412 703,439
rect $de/daf/mg_i_rollback_long_transaction_imp_8h.html 476,463 705,489
