.
./docs
./docs/XmlSchema
./docs/XmlSchema/Gml
./docs/XmlSchema/Xlink
./docs/XmlSchema/XmlSchema
./include
./include/Common
./include/Common/Gml212
./include/Common/Gml212/.svn
./include/Common/Gml212/.svn/prop-base
./include/Common/Gml212/.svn/props
./include/Common/Gml212/.svn/text-base
./include/Common/Gml212/.svn/tmp
./include/Common/Gml212/.svn/tmp/prop-base
./include/Common/Gml212/.svn/tmp/props
./include/Common/Gml212/.svn/tmp/text-base
./include/Common/Gml311
./include/Common/Gml311/.svn
./include/Common/Gml311/.svn/prop-base
./include/Common/Gml311/.svn/props
./include/Common/Gml311/.svn/text-base
./include/Common/Gml311/.svn/tmp
./include/Common/Gml311/.svn/tmp/prop-base
./include/Common/Gml311/.svn/tmp/props
./include/Common/Gml311/.svn/tmp/text-base
./include/Common/Io
./include/Common/Io/.svn
./include/Common/Io/.svn/prop-base
./include/Common/Io/.svn/props
./include/Common/Io/.svn/text-base
./include/Common/Io/.svn/tmp
./include/Common/Io/.svn/tmp/prop-base
./include/Common/Io/.svn/tmp/props
./include/Common/Io/.svn/tmp/text-base
./include/Common/.svn
./include/Common/.svn/prop-base
./include/Common/.svn/props
./include/Common/.svn/text-base
./include/Common/.svn/tmp
./include/Common/.svn/tmp/prop-base
./include/Common/.svn/tmp/props
./include/Common/.svn/tmp/text-base
./include/Common/Xml
./include/Common/Xml/.svn
./include/Common/Xml/.svn/prop-base
./include/Common/Xml/.svn/props
./include/Common/Xml/.svn/text-base
./include/Common/Xml/.svn/tmp
./include/Common/Xml/.svn/tmp/prop-base
./include/Common/Xml/.svn/tmp/props
./include/Common/Xml/.svn/tmp/text-base
./include/Common/Xsl
./include/Common/Xsl/.svn
./include/Common/Xsl/.svn/prop-base
./include/Common/Xsl/.svn/props
./include/Common/Xsl/.svn/text-base
./include/Common/Xsl/.svn/tmp
./include/Common/Xsl/.svn/tmp/prop-base
./include/Common/Xsl/.svn/tmp/props
./include/Common/Xsl/.svn/tmp/text-base
./include/ExpressionEngine
./include/ExpressionEngine/Util
./include/Fdo
./include/Fdo/ClientServices
./include/Fdo/ClientServices/.svn
./include/Fdo/ClientServices/.svn/prop-base
./include/Fdo/ClientServices/.svn/props
./include/Fdo/ClientServices/.svn/text-base
./include/Fdo/ClientServices/.svn/tmp
./include/Fdo/ClientServices/.svn/tmp/prop-base
./include/Fdo/ClientServices/.svn/tmp/props
./include/Fdo/ClientServices/.svn/tmp/text-base
./include/Fdo/Commands
./include/Fdo/Commands/DataStore
./include/Fdo/Commands/DataStore/.svn
./include/Fdo/Commands/DataStore/.svn/prop-base
./include/Fdo/Commands/DataStore/.svn/props
./include/Fdo/Commands/DataStore/.svn/text-base
./include/Fdo/Commands/DataStore/.svn/tmp
./include/Fdo/Commands/DataStore/.svn/tmp/prop-base
./include/Fdo/Commands/DataStore/.svn/tmp/props
./include/Fdo/Commands/DataStore/.svn/tmp/text-base
./include/Fdo/Commands/Feature
./include/Fdo/Commands/Feature/.svn
./include/Fdo/Commands/Feature/.svn/prop-base
./include/Fdo/Commands/Feature/.svn/props
./include/Fdo/Commands/Feature/.svn/text-base
./include/Fdo/Commands/Feature/.svn/tmp
./include/Fdo/Commands/Feature/.svn/tmp/prop-base
./include/Fdo/Commands/Feature/.svn/tmp/props
./include/Fdo/Commands/Feature/.svn/tmp/text-base
./include/Fdo/Commands/Locking
./include/Fdo/Commands/Locking/.svn
./include/Fdo/Commands/Locking/.svn/prop-base
./include/Fdo/Commands/Locking/.svn/props
./include/Fdo/Commands/Locking/.svn/text-base
./include/Fdo/Commands/Locking/.svn/tmp
./include/Fdo/Commands/Locking/.svn/tmp/prop-base
./include/Fdo/Commands/Locking/.svn/tmp/props
./include/Fdo/Commands/Locking/.svn/tmp/text-base
./include/Fdo/Commands/LongTransaction
./include/Fdo/Commands/LongTransaction/.svn
./include/Fdo/Commands/LongTransaction/.svn/prop-base
./include/Fdo/Commands/LongTransaction/.svn/props
./include/Fdo/Commands/LongTransaction/.svn/text-base
./include/Fdo/Commands/LongTransaction/.svn/tmp
./include/Fdo/Commands/LongTransaction/.svn/tmp/prop-base
./include/Fdo/Commands/LongTransaction/.svn/tmp/props
./include/Fdo/Commands/LongTransaction/.svn/tmp/text-base
./include/Fdo/Commands/Schema
./include/Fdo/Commands/Schema/.svn
./include/Fdo/Commands/Schema/.svn/prop-base
./include/Fdo/Commands/Schema/.svn/props
./include/Fdo/Commands/Schema/.svn/text-base
./include/Fdo/Commands/Schema/.svn/tmp
./include/Fdo/Commands/Schema/.svn/tmp/prop-base
./include/Fdo/Commands/Schema/.svn/tmp/props
./include/Fdo/Commands/Schema/.svn/tmp/text-base
./include/Fdo/Commands/SpatialContext
./include/Fdo/Commands/SpatialContext/.svn
./include/Fdo/Commands/SpatialContext/.svn/prop-base
./include/Fdo/Commands/SpatialContext/.svn/props
./include/Fdo/Commands/SpatialContext/.svn/text-base
./include/Fdo/Commands/SpatialContext/.svn/tmp
./include/Fdo/Commands/SpatialContext/.svn/tmp/prop-base
./include/Fdo/Commands/SpatialContext/.svn/tmp/props
./include/Fdo/Commands/SpatialContext/.svn/tmp/text-base
./include/Fdo/Commands/Sql
./include/Fdo/Commands/Sql/.svn
./include/Fdo/Commands/Sql/.svn/prop-base
./include/Fdo/Commands/Sql/.svn/props
./include/Fdo/Commands/Sql/.svn/text-base
./include/Fdo/Commands/Sql/.svn/tmp
./include/Fdo/Commands/Sql/.svn/tmp/prop-base
./include/Fdo/Commands/Sql/.svn/tmp/props
./include/Fdo/Commands/Sql/.svn/tmp/text-base
./include/Fdo/Commands/.svn
./include/Fdo/Commands/.svn/prop-base
./include/Fdo/Commands/.svn/props
./include/Fdo/Commands/.svn/text-base
./include/Fdo/Commands/.svn/tmp
./include/Fdo/Commands/.svn/tmp/prop-base
./include/Fdo/Commands/.svn/tmp/props
./include/Fdo/Commands/.svn/tmp/text-base
./include/Fdo/Commands/UnitOfMeasure
./include/Fdo/Commands/UnitOfMeasure/.svn
./include/Fdo/Commands/UnitOfMeasure/.svn/prop-base
./include/Fdo/Commands/UnitOfMeasure/.svn/props
./include/Fdo/Commands/UnitOfMeasure/.svn/text-base
./include/Fdo/Commands/UnitOfMeasure/.svn/tmp
./include/Fdo/Commands/UnitOfMeasure/.svn/tmp/prop-base
./include/Fdo/Commands/UnitOfMeasure/.svn/tmp/props
./include/Fdo/Commands/UnitOfMeasure/.svn/tmp/text-base
./include/Fdo/Connections
./include/Fdo/Connections/Capabilities
./include/Fdo/Connections/Capabilities/.svn
./include/Fdo/Connections/Capabilities/.svn/prop-base
./include/Fdo/Connections/Capabilities/.svn/props
./include/Fdo/Connections/Capabilities/.svn/text-base
./include/Fdo/Connections/Capabilities/.svn/tmp
./include/Fdo/Connections/Capabilities/.svn/tmp/prop-base
./include/Fdo/Connections/Capabilities/.svn/tmp/props
./include/Fdo/Connections/Capabilities/.svn/tmp/text-base
./include/Fdo/Connections/.svn
./include/Fdo/Connections/.svn/prop-base
./include/Fdo/Connections/.svn/props
./include/Fdo/Connections/.svn/text-base
./include/Fdo/Connections/.svn/tmp
./include/Fdo/Connections/.svn/tmp/prop-base
./include/Fdo/Connections/.svn/tmp/props
./include/Fdo/Connections/.svn/tmp/text-base
./include/Fdo/Expression
./include/Fdo/Expression/.svn
./include/Fdo/Expression/.svn/prop-base
./include/Fdo/Expression/.svn/props
./include/Fdo/Expression/.svn/text-base
./include/Fdo/Expression/.svn/tmp
./include/Fdo/Expression/.svn/tmp/prop-base
./include/Fdo/Expression/.svn/tmp/props
./include/Fdo/Expression/.svn/tmp/text-base
./include/Fdo/Filter
./include/Fdo/Filter/.svn
./include/Fdo/Filter/.svn/prop-base
./include/Fdo/Filter/.svn/props
./include/Fdo/Filter/.svn/text-base
./include/Fdo/Filter/.svn/tmp
./include/Fdo/Filter/.svn/tmp/prop-base
./include/Fdo/Filter/.svn/tmp/props
./include/Fdo/Filter/.svn/tmp/text-base
./include/Fdo/Raster
./include/Fdo/Raster/.svn
./include/Fdo/Raster/.svn/prop-base
./include/Fdo/Raster/.svn/props
./include/Fdo/Raster/.svn/text-base
./include/Fdo/Raster/.svn/tmp
./include/Fdo/Raster/.svn/tmp/prop-base
./include/Fdo/Raster/.svn/tmp/props
./include/Fdo/Raster/.svn/tmp/text-base
./include/Fdo/Schema
./include/Fdo/Schema/.svn
./include/Fdo/Schema/.svn/prop-base
./include/Fdo/Schema/.svn/props
./include/Fdo/Schema/.svn/text-base
./include/Fdo/Schema/.svn/tmp
./include/Fdo/Schema/.svn/tmp/prop-base
./include/Fdo/Schema/.svn/tmp/props
./include/Fdo/Schema/.svn/tmp/text-base
./include/Fdo/.svn
./include/Fdo/.svn/prop-base
./include/Fdo/.svn/props
./include/Fdo/.svn/text-base
./include/Fdo/.svn/tmp
./include/Fdo/.svn/tmp/prop-base
./include/Fdo/.svn/tmp/props
./include/Fdo/.svn/tmp/text-base
./include/Fdo/Xml
./include/Fdo/Xml/.svn
./include/Fdo/Xml/.svn/prop-base
./include/Fdo/Xml/.svn/props
./include/Fdo/Xml/.svn/text-base
./include/Fdo/Xml/.svn/tmp
./include/Fdo/Xml/.svn/tmp/prop-base
./include/Fdo/Xml/.svn/tmp/props
./include/Fdo/Xml/.svn/tmp/text-base
./include/Geometry
./include/Geometry/Fgf
./include/Geometry/Fgf/.svn
./include/Geometry/Fgf/.svn/prop-base
./include/Geometry/Fgf/.svn/props
./include/Geometry/Fgf/.svn/text-base
./include/Geometry/Fgf/.svn/tmp
./include/Geometry/Fgf/.svn/tmp/prop-base
./include/Geometry/Fgf/.svn/tmp/props
./include/Geometry/Fgf/.svn/tmp/text-base
./include/Geometry/GeometryStream
./include/Geometry/GeometryStream/.svn
./include/Geometry/GeometryStream/.svn/prop-base
./include/Geometry/GeometryStream/.svn/props
./include/Geometry/GeometryStream/.svn/text-base
./include/Geometry/GeometryStream/.svn/tmp
./include/Geometry/GeometryStream/.svn/tmp/prop-base
./include/Geometry/GeometryStream/.svn/tmp/props
./include/Geometry/GeometryStream/.svn/tmp/text-base
./include/Geometry/.svn
./include/Geometry/.svn/prop-base
./include/Geometry/.svn/props
./include/Geometry/.svn/text-base
./include/Geometry/.svn/tmp
./include/Geometry/.svn/tmp/prop-base
./include/Geometry/.svn/tmp/props
./include/Geometry/.svn/tmp/text-base
./include/Spatial
./include/Spatial/.svn
./include/Spatial/.svn/prop-base
./include/Spatial/.svn/props
./include/Spatial/.svn/text-base
./include/Spatial/.svn/tmp
./include/Spatial/.svn/tmp/prop-base
./include/Spatial/.svn/tmp/props
./include/Spatial/.svn/tmp/text-base
./lib
./nls
