./include/Rdbms/Override/MySql/MySqlOvAssociationPropertyDefinition.h
./include/Rdbms/Override/MySql/MySqlOvClassCollection.h
./include/Rdbms/Override/MySql/MySqlOvClassDefinition.h
./include/Rdbms/Override/MySql/MySqlOvColumn.h
./include/Rdbms/Override/MySql/MySqlOvDataPropertyDefinitionCollection.h
./include/Rdbms/Override/MySql/MySqlOvDataPropertyDefinition.h
./include/Rdbms/Override/MySql/MySqlOvGeometricColumn.h
./include/Rdbms/Override/MySql/MySqlOvGeometricPropertyDefinition.h
./include/Rdbms/Override/MySql/MySqlOv.h
./include/Rdbms/Override/MySql/MySqlOvObjectPropertyDefinition.h
./include/Rdbms/Override/MySql/MySqlOvPhysicalSchemaMapping.h
./include/Rdbms/Override/MySql/MySqlOvPropertyDefinitionCollection.h
./include/Rdbms/Override/MySql/MySqlOvPropertyDefinition.h
./include/Rdbms/Override/MySql/MySqlOvPropertyMappingClass.h
./include/Rdbms/Override/MySql/MySqlOvPropertyMappingConcrete.h
./include/Rdbms/Override/MySql/MySqlOvPropertyMappingDefinition.h
./include/Rdbms/Override/MySql/MySqlOvPropertyMappingRelation.h
./include/Rdbms/Override/MySql/MySqlOvPropertyMappingSingle.h
./include/Rdbms/Override/MySql/MySqlOvStorageEngineType.h
./include/Rdbms/Override/MySql/MySqlOvTable.h
./lib/libFdoMySQL-3.7.0.so
./lib/libFdoMySQL.so
