base referer
rect $dc/d11/_i_create_data_store_8h.html 534,239 670,266
rect $d8/d82/_fdo_8h.html 1004,1075 1060,1102
rect $dc/d00/_i_data_store_reader_8h.html 532,290 671,316
rect $d4/d58/_i_list_data_stores_8h.html 806,379 928,406
rect $d7/dd2/_i_destroy_data_store_8h.html 531,442 672,468
rect $d4/df6/_i_feature_command_8h.html 530,492 674,519
rect $de/daf/_i_get_locked_objects_8h.html 794,140 940,167
rect $d9/d3c/_i_get_lock_owners_8h.html 536,543 667,570
rect $d0/deb/_i_activate_long_transaction_8h.html 510,594 694,620
rect $d2/d9c/_i_activate_long_transaction_checkpoint_8h.html 476,644 727,671
rect $d2/d4a/_i_change_long_transaction_privileges_8h.html 482,695 722,722
rect $d1/d90/_i_change_long_transaction_set_8h.html 500,746 703,772
rect $df/d25/_i_create_long_transaction_8h.html 514,796 690,823
rect $dd/d0e/_i_create_long_transaction_checkpoint_8h.html 480,847 723,874
rect $d9/d91/_i_deactivate_long_transaction_8h.html 502,898 702,924
rect $d3/d1d/_i_freeze_long_transaction_8h.html 779,194 955,220
rect $da/dff/_i_get_long_transaction_checkpoints_8h.html 487,948 716,975
rect $d6/df4/_i_get_long_transaction_privileges_8h.html 494,1050 710,1076
rect $d9/dd0/_i_get_long_transactions_8h.html 520,1100 683,1127
rect $d2/d22/_i_get_long_transactions_in_set_8h.html 504,1151 699,1178
rect $d6/dd2/_i_rollback_long_transaction_checkpoint_8h.html 475,1202 728,1228
rect $d7/de3/_i_apply_schema_8h.html 807,1759 927,1786
rect $dc/dc9/_i_describe_schema_8h.html 532,1252 671,1279
rect $df/d2b/_i_describe_schema_mapping_8h.html 507,1303 696,1330
rect $d8/d41/_i_destroy_schema_8h.html 802,1810 932,1836
rect $dc/d0e/_i_activate_spatial_context_8h.html 515,1354 688,1380
rect $de/da6/_i_create_spatial_context_8h.html 519,1404 684,1431
rect $df/da1/_i_destroy_spatial_context_8h.html 516,1455 687,1482
rect $d6/dd2/_i_get_spatial_contexts_8h.html 526,1506 678,1532
rect $d5/dce/_i_s_q_l_command_8h.html 539,1556 664,1583
rect $de/d70/_i_activate_topology_area_8h.html 206,1860 374,1887
rect $dd/da7/_i_activate_topology_in_command_results_8h.html 162,1911 418,1938
rect $da/de8/_i_deactivate_topology_area_8h.html 199,1962 380,1988
rect $d0/da9/_i_deactivate_topology_in_command_results_8h.html 154,2012 426,2039
rect $d9/d8f/_i_create_measure_unit_8h.html 526,1607 678,1634
rect $d9/d80/_i_destroy_measure_unit_8h.html 523,1658 680,1684
rect $de/d5f/_i_get_measure_units_8h.html 531,1708 672,1735
rect $de/d25/_i_connection_8h.html 238,999 342,1026
