base referer
rect $dc/d11/_i_create_data_store_8h.html 395,216 531,243
rect $d8/d82/_fdo_8h.html 865,951 921,978
rect $dc/d00/_i_data_store_reader_8h.html 393,267 532,294
rect $d4/d58/_i_list_data_stores_8h.html 667,356 789,383
rect $d7/dd2/_i_destroy_data_store_8h.html 392,419 533,446
rect $d4/df6/_i_feature_command_8h.html 391,470 535,496
rect $de/daf/_i_get_locked_objects_8h.html 655,118 801,144
rect $d9/d3c/_i_get_lock_owners_8h.html 397,520 528,547
rect $d0/deb/_i_activate_long_transaction_8h.html 371,571 555,598
rect $d2/d9c/_i_activate_long_transaction_checkpoint_8h.html 337,622 588,648
rect $d2/d4a/_i_change_long_transaction_privileges_8h.html 343,672 583,699
rect $d1/d90/_i_change_long_transaction_set_8h.html 361,723 564,750
rect $df/d25/_i_create_long_transaction_8h.html 375,774 551,800
rect $dd/d0e/_i_create_long_transaction_checkpoint_8h.html 341,824 584,851
rect $d9/d91/_i_deactivate_long_transaction_8h.html 363,875 563,902
rect $d3/d1d/_i_freeze_long_transaction_8h.html 640,171 816,198
rect $da/dff/_i_get_long_transaction_checkpoints_8h.html 348,926 577,952
rect $d6/df4/_i_get_long_transaction_privileges_8h.html 355,1027 571,1054
rect $d9/dd0/_i_get_long_transactions_8h.html 381,1078 544,1104
rect $d2/d22/_i_get_long_transactions_in_set_8h.html 365,1128 560,1155
rect $d6/dd2/_i_rollback_long_transaction_checkpoint_8h.html 336,1179 589,1206
rect $d7/de3/_i_apply_schema_8h.html 160,1736 280,1763
rect $dc/dc9/_i_describe_schema_8h.html 393,1230 532,1256
rect $df/d2b/_i_describe_schema_mapping_8h.html 368,1280 557,1307
rect $d8/d41/_i_destroy_schema_8h.html 155,1787 285,1814
rect $dc/d0e/_i_activate_spatial_context_8h.html 376,1331 549,1358
rect $de/da6/_i_create_spatial_context_8h.html 380,1382 545,1408
rect $df/da1/_i_destroy_spatial_context_8h.html 377,1432 548,1459
rect $d6/dd2/_i_get_spatial_contexts_8h.html 387,1483 539,1510
rect $d5/dce/_i_s_q_l_command_8h.html 400,1534 525,1560
rect $d9/d8f/_i_create_measure_unit_8h.html 387,1584 539,1611
rect $d9/d80/_i_destroy_measure_unit_8h.html 384,1635 541,1662
rect $de/d5f/_i_get_measure_units_8h.html 392,1686 533,1712
rect $de/d25/_i_connection_8h.html 168,976 272,1003
