base referer
rect $d8/dc6/class_o_s_geo_1_1_f_d_o_1_1_client_services_1_1_connection_manager.htm 7,751 329,879
rect $d5/d60/class_o_s_geo_1_1_f_d_o_1_1_client_services_1_1_provider.htm 353,711 607,919
rect $d8/d1a/class_o_s_geo_1_1_f_d_o_1_1_client_services_1_1_provider_collection.htm 631,735 943,895
rect $de/d5c/class_o_s_geo_1_1_f_d_o_1_1_client_services_1_1_provider_name_tokens.htm 967,719 1297,911
rect $d6/dfd/class_o_s_geo_1_1_f_d_o_1_1_client_services_1_1_provider_registry.htm 1321,743 1623,887
rect $d4/d8c/class_o_s_geo_1_1_f_d_o_1_1_commands_1_1_batch_parameter_value_collection.htm 1647,663 2023,967
rect $d6/dbb/class_o_s_geo_1_1_f_d_o_1_1_commands_1_1_data_store_1_1_i_data_store_reader_imp.htm 2047,719 2431,911
rect $d5/d40/class_o_s_geo_1_1_f_d_o_1_1_commands_1_1_feature_1_1_i_reader_imp.htm 2455,639 2764,991
rect $d2/db4/class_o_s_geo_1_1_f_d_o_1_1_commands_1_1_i_command_imp.htm 2788,703 3063,927
rect $d7/d34/class_o_s_geo_1_1_f_d_o_1_1_commands_1_1_identifier_collection.htm 3087,639 3383,991
rect $d3/d1c/class_o_s_geo_1_1_f_d_o_1_1_commands_1_1_locking_1_1_i_lock_conflict_reader_imp.htm 3407,711 3788,919
rect $da/d35/class_o_s_geo_1_1_f_d_o_1_1_commands_1_1_locking_1_1_i_locked_object_reader_imp.htm 3812,711 4204,919
rect $d0/d2c/class_o_s_geo_1_1_f_d_o_1_1_commands_1_1_locking_1_1_i_lock_owners_reader_imp.htm 4228,743 4612,887
rect $d1/d5a/class_o_s_geo_1_1_f_d_o_1_1_commands_1_1_long_transaction_1_1_i_long_transaction_checkpoint_reader_imp.htm 4636,719 5164,911
rect $d6/dcf/class_o_s_geo_1_1_f_d_o_1_1_commands_1_1_long_transaction_1_1_i_long_transaction_conflict_directive_enumerator_imp.htm 5188,711 5772,919
rect $d5/df8/class_o_s_geo_1_1_f_d_o_1_1_commands_1_1_long_transaction_1_1_i_long_transaction_privilege_reader_imp.htm 5796,735 6308,895
rect $db/d16/class_o_s_geo_1_1_f_d_o_1_1_commands_1_1_long_transaction_1_1_i_long_transaction_reader_imp.htm 6332,687 6793,943
rect $dd/dc8/class_o_s_geo_1_1_f_d_o_1_1_commands_1_1_long_transaction_1_1_i_long_transaction_set_reader_imp.htm 6817,735 7300,895
rect $da/dfa/class_o_s_geo_1_1_f_d_o_1_1_commands_1_1_parameter_value.htm 7324,703 7607,927
rect $d3/dc6/class_o_s_geo_1_1_f_d_o_1_1_commands_1_1_parameter_value_collection.htm 7631,639 7972,991
rect $df/d56/class_o_s_geo_1_1_f_d_o_1_1_commands_1_1_property_value.htm 7996,679 8265,951
rect $db/d61/class_o_s_geo_1_1_f_d_o_1_1_commands_1_1_property_value_collection.htm 8289,639 8617,991
rect $d0/dcb/class_o_s_geo_1_1_f_d_o_1_1_commands_1_1_schema_1_1_physical_schema_mapping_collection.htm 8641,431 9092,1199
rect $da/dec/class_o_s_geo_1_1_f_d_o_1_1_commands_1_1_spatial_context_1_1_i_spatial_context_reader_imp.htm 9116,687 9553,943
rect $da/d0b/class_o_s_geo_1_1_f_d_o_1_1_commands_1_1_s_q_l_1_1_i_s_q_l_data_reader_imp.htm 9577,615 9924,1015
rect $d8/d99/class_o_s_geo_1_1_f_d_o_1_1_commands_1_1_unit_of_measure_1_1_i_measure_unit_reader_imp.htm 9948,711 10377,919
rect $da/dfe/class_o_s_geo_1_1_f_d_o_1_1_common_1_1_dictionary_element.htm 10401,735 10681,895
rect $d4/da8/class_o_s_geo_1_1_f_d_o_1_1_common_1_1_dictionary_element_collection.htm 10705,631 11044,999
rect $d6/d31/class_o_s_geo_1_1_f_d_o_1_1_common_1_1_io_1_1_io_stream.htm 11068,671 11313,959
rect $d4/dfc/class_o_s_geo_1_1_f_d_o_1_1_common_1_1_io_1_1_io_text_reader.htm 11337,751 11609,879
rect $d6/d38/class_o_s_geo_1_1_f_d_o_1_1_common_1_1_io_1_1_io_text_writer.htm 11633,735 11897,895
rect $dd/dc1/class_o_s_geo_1_1_f_d_o_1_1_common_1_1_i_stream_reader_imp.htm 11921,767 12207,863
rect $dd/d88/class_o_s_geo_1_1_f_d_o_1_1_common_1_1_string_collection.htm 12231,615 12495,1015
rect $df/d0e/class_o_s_geo_1_1_f_d_o_1_1_common_1_1_string_element.htm 12519,767 12775,863
rect $dd/d46/class_o_s_geo_1_1_f_d_o_1_1_common_1_1_xml_1_1_xml_attribute.htm 12799,719 13073,911
rect $d1/d3e/class_o_s_geo_1_1_f_d_o_1_1_common_1_1_xml_1_1_xml_attribute_collection.htm 13097,639 13431,991
rect $d1/df5/class_o_s_geo_1_1_f_d_o_1_1_common_1_1_xml_1_1_xml_reader.htm 13455,679 13724,951
rect $d8/d22/class_o_s_geo_1_1_f_d_o_1_1_common_1_1_xml_1_1_xml_sax_handler.htm 13748,727 14044,903
rect $de/d67/class_o_s_geo_1_1_f_d_o_1_1_common_1_1_xml_1_1_xml_writer.htm 14068,575 14329,1055
rect $d6/dca/class_o_s_geo_1_1_f_d_o_1_1_common_1_1_xsl_1_1_xsl_transformer.htm 14353,655 14644,975
rect $d5/dda/class_o_s_geo_1_1_f_d_o_1_1_connections_1_1_capabilities_1_1_argument_definition.htm 14668,727 15049,903
rect $d8/dce/class_o_s_geo_1_1_f_d_o_1_1_connections_1_1_capabilities_1_1_argument_definition_collection.htm 15073,663 15513,967
rect $d6/da0/class_o_s_geo_1_1_f_d_o_1_1_connections_1_1_capabilities_1_1_function_definition.htm 15537,687 15911,943
rect $d5/dac/class_o_s_geo_1_1_f_d_o_1_1_connections_1_1_capabilities_1_1_function_definition_collection.htm 15935,647 16367,983
rect $d8/d5d/class_o_s_geo_1_1_f_d_o_1_1_connections_1_1_capabilities_1_1_i_command_capabilities_imp.htm 16391,703 16815,927
rect $d9/d78/class_o_s_geo_1_1_f_d_o_1_1_connections_1_1_capabilities_1_1_i_connection_capabilities_imp.htm 16839,671 17268,959
rect $d3/d3c/class_o_s_geo_1_1_f_d_o_1_1_connections_1_1_capabilities_1_1_i_expression_capabilities_imp.htm 17292,751 17721,879
rect $df/d2a/class_o_s_geo_1_1_f_d_o_1_1_connections_1_1_capabilities_1_1_i_filter_capabilities_imp.htm 17745,727 18137,903
rect $d5/d3d/class_o_s_geo_1_1_f_d_o_1_1_connections_1_1_capabilities_1_1_i_geometry_capabilities_imp.htm 18161,743 18583,887
rect $de/d60/class_o_s_geo_1_1_f_d_o_1_1_connections_1_1_capabilities_1_1_i_raster_capabilities_imp.htm 18607,735 19009,895
rect $d6/d85/class_o_s_geo_1_1_f_d_o_1_1_connections_1_1_capabilities_1_1_i_schema_capabilities_imp.htm 19033,559 19444,1071
rect $dd/d19/class_o_s_geo_1_1_f_d_o_1_1_connections_1_1_capabilities_1_1_i_topology_capabilities_imp.htm 19468,727 19887,903
rect $d4/da9/class_o_s_geo_1_1_f_d_o_1_1_connections_1_1_capabilities_1_1_read_only_argument_definition_collection.htm 19911,719 20409,911
rect $d5/d9e/class_o_s_geo_1_1_f_d_o_1_1_connections_1_1_capabilities_1_1_read_only_signature_definition_collection.htm 20433,719 20932,911
rect $de/dd5/class_o_s_geo_1_1_f_d_o_1_1_connections_1_1_capabilities_1_1_signature_definition.htm 20956,727 21337,903
rect $d6/d32/class_o_s_geo_1_1_f_d_o_1_1_connections_1_1_capabilities_1_1_signature_definition_collection.htm 21361,663 21799,967
rect $d1/dc1/class_o_s_geo_1_1_f_d_o_1_1_connections_1_1_i_connection_imp.htm 21823,599 22108,1031
rect $de/dce/class_o_s_geo_1_1_f_d_o_1_1_connections_1_1_i_connection_info_imp.htm 22132,703 22439,927
rect $d8/d94/class_o_s_geo_1_1_f_d_o_1_1_connections_1_1_i_connection_property_dictionary_imp.htm 22463,695 22857,935
rect $de/d43/class_o_s_geo_1_1_f_d_o_1_1_connections_1_1_i_transaction_imp.htm 22881,743 23169,887
rect $de/d02/class_o_s_geo_1_1_f_d_o_1_1_expression_1_1_data_value_collection.htm 23193,655 23497,975
rect $d5/d7e/class_o_s_geo_1_1_f_d_o_1_1_expression_1_1_expression.htm 23521,743 23772,887
rect $dc/de7/class_o_s_geo_1_1_f_d_o_1_1_expression_1_1_expression_collection.htm 23796,655 24103,975
rect $d9/dd1/class_o_s_geo_1_1_f_d_o_1_1_expression_1_1_i_expression_processor_imp.htm 24127,767 24463,863
rect $dc/da4/class_o_s_geo_1_1_f_d_o_1_1_filter_1_1_filter.htm 24487,711 24665,919
rect $dc/d97/class_o_s_geo_1_1_f_d_o_1_1_filter_1_1_i_filter_processor_imp.htm 24689,767 24953,863
rect $dc/d16/class_o_s_geo_1_1_f_d_o_1_1_filter_1_1_value_expression_collection.htm 24977,655 25284,975
rect $d9/d46/class_o_s_geo_1_1_f_d_o_1_1_geometry_1_1_curve_polygon_collection.htm 25308,551 25660,1079
rect $d1/d8e/class_o_s_geo_1_1_f_d_o_1_1_geometry_1_1_curve_segment_collection.htm 25684,551 26036,1079
rect $d9/de5/class_o_s_geo_1_1_f_d_o_1_1_geometry_1_1_curve_string_collection.htm 26060,551 26412,1079
rect $d9/de2/class_o_s_geo_1_1_f_d_o_1_1_geometry_1_1_direct_position_collection.htm 26436,655 26753,975
rect $d2/d3b/class_o_s_geo_1_1_f_d_o_1_1_geometry_1_1_direct_position_impl.htm 26777,607 27063,1023
rect $d7/d66/class_o_s_geo_1_1_f_d_o_1_1_geometry_1_1_envelope_impl.htm 27087,583 27345,1047
rect $d4/d29/class_o_s_geo_1_1_f_d_o_1_1_geometry_1_1_geometry_collection.htm 27369,551 27721,1079
rect $d7/d8a/class_o_s_geo_1_1_f_d_o_1_1_geometry_1_1_geometry_factory_abstract.htm 27745,511 28076,1119
rect $d7/d02/class_o_s_geo_1_1_f_d_o_1_1_geometry_1_1_i_curve_segment_abstract_imp.htm 28100,719 28441,911
rect $d8/da4/class_o_s_geo_1_1_f_d_o_1_1_geometry_1_1_i_direct_position_imp.htm 28465,727 28751,903
rect $d7/dc8/class_o_s_geo_1_1_f_d_o_1_1_geometry_1_1_i_envelope_imp.htm 28775,711 29033,919
rect $dc/d19/class_o_s_geo_1_1_f_d_o_1_1_geometry_1_1_i_geometry_imp.htm 29057,735 29319,895
rect $d5/d84/class_o_s_geo_1_1_f_d_o_1_1_geometry_1_1_i_ring_abstract_imp.htm 29343,743 29623,887
rect $d5/d68/class_o_s_geo_1_1_f_d_o_1_1_geometry_1_1_linear_ring_collection.htm 29647,551 29999,1079
rect $dc/d18/class_o_s_geo_1_1_f_d_o_1_1_geometry_1_1_line_string_collection.htm 30023,551 30375,1079
rect $d5/d06/class_o_s_geo_1_1_f_d_o_1_1_geometry_1_1_point_collection.htm 30399,551 30751,1079
rect $df/def/class_o_s_geo_1_1_f_d_o_1_1_geometry_1_1_polygon_collection.htm 30775,551 31127,1079
rect $d2/dd1/class_o_s_geo_1_1_f_d_o_1_1_geometry_1_1_ring_collection.htm 31151,551 31503,1079
rect $d2/d37/class_o_s_geo_1_1_f_d_o_1_1_i_connection_manager_imp.htm 31527,743 31783,887
rect $dd/d3e/class_o_s_geo_1_1_f_d_o_1_1_i_disposable_collection.htm 31807,655 32044,975
rect $d1/d21/class_o_s_geo_1_1_f_d_o_1_1_i_provider_registry_imp.htm 32068,743 32303,887
rect $d3/d65/class_o_s_geo_1_1_f_d_o_1_1_raster_1_1_data_value_collection.htm 32327,655 32604,975
rect $dc/d58/class_o_s_geo_1_1_f_d_o_1_1_raster_1_1_i_raster_imp.htm 32628,607 32852,1023
rect $d8/d77/class_o_s_geo_1_1_f_d_o_1_1_raster_1_1_i_raster_property_dictionary_imp.htm 32876,695 33209,935
rect $de/dfd/class_o_s_geo_1_1_f_d_o_1_1_raster_1_1_raster_data_model.htm 33233,663 33495,967
rect $db/d0b/class_o_s_geo_1_1_f_d_o_1_1_schema_1_1_class_capabilities.htm 33519,679 33788,951
rect $dc/de9/class_o_s_geo_1_1_f_d_o_1_1_schema_1_1_class_collection.htm 33812,631 34071,999
rect $df/dcf/class_o_s_geo_1_1_f_d_o_1_1_schema_1_1_data_property_definition_collection.htm 34095,631 34455,999
rect $d7/d34/class_o_s_geo_1_1_f_d_o_1_1_schema_1_1_feature_class_collection.htm 34479,639 34783,991
rect $de/d01/class_o_s_geo_1_1_f_d_o_1_1_schema_1_1_feature_schema_collection.htm 34807,407 35127,1223
rect $d4/d7f/class_o_s_geo_1_1_f_d_o_1_1_schema_1_1_property_definition_collection.htm 35151,631 35481,999
rect $de/d42/class_o_s_geo_1_1_f_d_o_1_1_schema_1_1_property_value_constraint.htm 35505,759 35817,871
rect $d9/db5/class_o_s_geo_1_1_f_d_o_1_1_schema_1_1_read_only_data_property_definition_collection.htm 35841,711 36260,919
rect $d1/d9d/class_o_s_geo_1_1_f_d_o_1_1_schema_1_1_read_only_property_definition_collection.htm 36284,711 36673,919
rect $dc/dc4/class_o_s_geo_1_1_f_d_o_1_1_schema_1_1_unique_constraint.htm 36697,751 36967,879
rect $da/db5/class_o_s_geo_1_1_f_d_o_1_1_schema_1_1_unique_constraint_collection.htm 36991,663 37319,967
rect $dc/d7d/class_o_s_geo_1_1_f_d_o_1_1_spatial_1_1_spatial_grid_transform.htm 37343,743 37628,887
rect $d9/d4a/class_o_s_geo_1_1_f_d_o_1_1_xml_1_1_xml_class_mapping_collection.htm 37652,663 37959,967
rect $d3/d90/class_o_s_geo_1_1_f_d_o_1_1_xml_1_1_xml_element_mapping_collection.htm 37983,655 38305,975
rect $de/d36/class_o_s_geo_1_1_f_d_o_1_1_xml_1_1_xml_feature_handler.htm 38329,559 38585,1071
rect $d3/ddc/class_o_s_geo_1_1_f_d_o_1_1_xml_1_1_xml_feature_property_writer.htm 38609,599 38905,1031
rect $d9/d23/class_o_s_geo_1_1_f_d_o_1_1_xml_1_1_xml_feature_writer.htm 38929,671 39175,959
rect $d0/dba/class_o_s_geo_1_1_f_d_o_1_1_xml_1_1_xml_flags.htm 39199,639 39401,991
rect $d4/dc6/class_o_s_geo_1_1_f_d_o_1_1_xml_1_1_xml_serializable.htm 39425,695 39657,935
rect $dd/d8b/class_o_s_geo_1_1_f_d_o_1_1_xml_1_1_xml_spatial_context_writer.htm 39681,615 39967,1015
