base referer
rect $d1/d53/mg_i_create_data_store_imp_8h.html 255,7 434,34
rect $df/d67/mg_i_destroy_data_store_imp_8h.html 252,58 436,84
rect $d6/d07/mg_i_list_data_stores_imp_8h.html 262,108 427,135
rect $d9/d20/mg_i_insert_imp_8h.html 288,159 400,186
rect $dc/df7/mg_i_get_locked_objects_imp_8h.html 250,210 439,236
rect $de/d64/mg_i_get_lock_owners_imp_8h.html 258,260 431,287
rect $d6/d10/mg_i_activate_long_transaction_checkpoint_imp_8h.html 198,311 491,338
rect $d3/d06/mg_i_activate_long_transaction_imp_8h.html 231,362 458,388
rect $d0/dbf/mg_i_change_long_transaction_privileges_imp_8h.html 203,412 486,439
rect $db/d52/mg_i_change_long_transaction_set_imp_8h.html 223,463 466,490
rect $da/d30/mg_i_create_long_transaction_checkpoint_imp_8h.html 203,514 486,540
rect $db/d75/mg_i_create_long_transaction_imp_8h.html 236,564 452,591
rect $d7/d66/mg_i_deactivate_long_transaction_imp_8h.html 224,615 464,642
rect $d2/dc1/mg_i_freeze_long_transaction_imp_8h.html 235,666 454,692
rect $d0/d68/mg_i_get_long_transaction_checkpoints_imp_8h.html 208,716 480,743
rect $d2/d5e/mg_i_get_long_transaction_privileges_imp_8h.html 215,767 474,794
rect $df/d87/mg_i_get_long_transactions_imp_8h.html 242,818 447,844
rect $d6/ddf/mg_i_get_long_transactions_in_set_imp_8h.html 226,868 463,895
rect $dc/dde/mg_i_rollback_long_transaction_checkpoint_imp_8h.html 196,919 492,946
rect $d3/d82/mg_i_feature_command_imp_8h.html 251,970 438,996
rect $d1/dc2/mg_i_apply_schema_imp_8h.html 264,1020 424,1047
rect $de/d41/mg_i_describe_schema_imp_8h.html 255,1071 434,1098
rect $dd/d41/mg_i_describe_schema_mapping_imp_8h.html 228,1122 460,1148
rect $d2/d87/mg_i_destroy_schema_imp_8h.html 258,1172 431,1199
rect $da/dce/mg_i_activate_spatial_context_imp_8h.html 238,1223 451,1250
rect $de/d04/mg_i_create_spatial_context_imp_8h.html 242,1274 447,1300
rect $d6/d00/mg_i_destroy_spatial_context_imp_8h.html 239,1324 450,1351
rect $d9/de7/mg_i_get_spatial_contexts_imp_8h.html 247,1375 442,1402
rect $d6/d04/mg_i_s_q_l_command_imp_8h.html 260,1426 428,1452
rect $db/d11/mg_i_create_measure_unit_imp_8h.html 247,1476 442,1503
rect $da/d29/mg_i_destroy_measure_unit_imp_8h.html 244,1527 444,1554
rect $d2/d38/mg_i_get_measure_units_imp_8h.html 254,1578 435,1604
