base referer
rect $d1/d53/mg_i_create_data_store_imp_8h.html 243,7 422,34
rect $df/d67/mg_i_destroy_data_store_imp_8h.html 240,58 424,84
rect $d6/d07/mg_i_list_data_stores_imp_8h.html 250,108 415,135
rect $d9/d20/mg_i_insert_imp_8h.html 276,159 388,186
rect $dc/df7/mg_i_get_locked_objects_imp_8h.html 238,210 427,236
rect $de/d64/mg_i_get_lock_owners_imp_8h.html 246,260 419,287
rect $d3/d06/mg_i_activate_long_transaction_imp_8h.html 219,311 446,338
rect $d9/ded/mg_i_activate_l_t_checkpoint_imp_8h.html 228,362 436,388
rect $db/d52/mg_i_change_long_transaction_set_imp_8h.html 211,412 454,439
rect $df/d81/mg_i_change_l_t_privileges_imp_8h.html 234,463 431,490
rect $db/d75/mg_i_create_long_transaction_imp_8h.html 224,514 440,540
rect $dc/d09/mg_i_create_l_t_checkpoint_imp_8h.html 232,564 432,591
rect $d7/d66/mg_i_deactivate_long_transaction_imp_8h.html 212,615 452,642
rect $d2/dc1/mg_i_freeze_long_transaction_imp_8h.html 223,666 442,692
rect $d0/d68/mg_i_get_long_transaction_checkpoints_imp_8h.html 196,716 468,743
rect $d2/d5e/mg_i_get_long_transaction_privileges_imp_8h.html 203,767 462,794
rect $df/d87/mg_i_get_long_transactions_imp_8h.html 230,818 435,844
rect $d6/ddf/mg_i_get_long_transactions_in_set_imp_8h.html 214,868 451,895
rect $d4/d61/mg_i_rollback_l_t_checkpoint_imp_8h.html 227,919 438,946
rect $d3/d82/mg_i_feature_command_imp_8h.html 239,970 426,996
rect $d1/dc2/mg_i_apply_schema_imp_8h.html 252,1020 412,1047
rect $de/d41/mg_i_describe_schema_imp_8h.html 243,1071 422,1098
rect $dd/d41/mg_i_describe_schema_mapping_imp_8h.html 216,1122 448,1148
rect $d2/d87/mg_i_destroy_schema_imp_8h.html 246,1172 419,1199
rect $da/dce/mg_i_activate_spatial_context_imp_8h.html 226,1223 439,1250
rect $de/d04/mg_i_create_spatial_context_imp_8h.html 230,1274 435,1300
rect $d6/d00/mg_i_destroy_spatial_context_imp_8h.html 227,1324 438,1351
rect $d9/de7/mg_i_get_spatial_contexts_imp_8h.html 235,1375 430,1402
rect $d6/d04/mg_i_s_q_l_command_imp_8h.html 248,1426 416,1452
rect $db/d11/mg_i_create_measure_unit_imp_8h.html 235,1476 430,1503
rect $da/d29/mg_i_destroy_measure_unit_imp_8h.html 232,1527 432,1554
rect $d2/d38/mg_i_get_measure_units_imp_8h.html 242,1578 423,1604
