base referer
rect $d1/d53/mg_i_create_data_store_imp_8h.html 264,7 443,33
rect $df/d67/mg_i_destroy_data_store_imp_8h.html 261,57 445,84
rect $d6/d07/mg_i_list_data_stores_imp_8h.html 271,108 436,135
rect $d9/d20/mg_i_insert_imp_8h.html 297,159 409,185
rect $dc/df7/mg_i_get_locked_objects_imp_8h.html 259,209 448,236
rect $de/d64/mg_i_get_lock_owners_imp_8h.html 267,260 440,287
rect $d6/d10/mg_i_activate_long_transaction_checkpoint_imp_8h.html 207,311 500,337
rect $d3/d06/mg_i_activate_long_transaction_imp_8h.html 240,361 467,388
rect $d0/dbf/mg_i_change_long_transaction_privileges_imp_8h.html 212,412 495,439
rect $db/d52/mg_i_change_long_transaction_set_imp_8h.html 232,463 475,489
rect $da/d30/mg_i_create_long_transaction_checkpoint_imp_8h.html 212,513 495,540
rect $db/d75/mg_i_create_long_transaction_imp_8h.html 245,564 461,591
rect $d7/d66/mg_i_deactivate_long_transaction_imp_8h.html 233,615 473,641
rect $d2/dc1/mg_i_freeze_long_transaction_imp_8h.html 244,665 463,692
rect $d0/d68/mg_i_get_long_transaction_checkpoints_imp_8h.html 217,716 489,743
rect $d2/d5e/mg_i_get_long_transaction_privileges_imp_8h.html 224,767 483,793
rect $df/d87/mg_i_get_long_transactions_imp_8h.html 251,817 456,844
rect $d6/ddf/mg_i_get_long_transactions_in_set_imp_8h.html 235,868 472,895
rect $dc/dde/mg_i_rollback_long_transaction_checkpoint_imp_8h.html 205,919 501,945
rect $d3/d82/mg_i_feature_command_imp_8h.html 260,969 447,996
rect $dd/d0c/mg_i_network_command_imp_8h.html 259,1020 448,1047
rect $d1/dc2/mg_i_apply_schema_imp_8h.html 273,1071 433,1097
rect $de/d41/mg_i_describe_schema_imp_8h.html 264,1121 443,1148
rect $dd/d41/mg_i_describe_schema_mapping_imp_8h.html 237,1172 469,1199
rect $d2/d87/mg_i_destroy_schema_imp_8h.html 267,1223 440,1249
rect $da/dce/mg_i_activate_spatial_context_imp_8h.html 247,1273 460,1300
rect $de/d04/mg_i_create_spatial_context_imp_8h.html 251,1324 456,1351
rect $d6/d00/mg_i_destroy_spatial_context_imp_8h.html 248,1375 459,1401
rect $d9/de7/mg_i_get_spatial_contexts_imp_8h.html 256,1425 451,1452
rect $d6/d04/mg_i_s_q_l_command_imp_8h.html 269,1476 437,1503
rect $d4/da8/mg_i_activate_topology_area_imp_8h.html 249,1527 457,1553
rect $d0/dcb/mg_i_activate_topology_in_command_results_imp_8h.html 204,1577 503,1604
rect $d5/d20/mg_i_deactivate_topology_area_imp_8h.html 241,1628 465,1655
rect $da/d27/mg_i_deactivate_topology_in_command_results_imp_8h.html 197,1679 509,1705
rect $da/d34/mg_i_move_topo_node_imp_8h.html 268,1729 439,1756
rect $d4/d9e/mg_i_reconnect_topo_edge_imp_8h.html 252,1780 455,1807
rect $db/d11/mg_i_create_measure_unit_imp_8h.html 256,1831 451,1857
rect $da/d29/mg_i_destroy_measure_unit_imp_8h.html 253,1881 453,1908
rect $d2/d38/mg_i_get_measure_units_imp_8h.html 263,1932 444,1959
