base referer
rect $df/df8/class_o_s_geo_1_1_f_d_o_1_1_expression_1_1_boolean_value.htm 7,527 273,751
rect $d3/dbb/class_o_s_geo_1_1_f_d_o_1_1_expression_1_1_byte_value.htm 297,527 543,751
rect $d9/d66/class_o_s_geo_1_1_f_d_o_1_1_expression_1_1_date_time_value.htm 567,527 841,751
rect $d3/d97/class_o_s_geo_1_1_f_d_o_1_1_expression_1_1_decimal_value.htm 865,527 1132,751
rect $da/d4a/class_o_s_geo_1_1_f_d_o_1_1_expression_1_1_double_value.htm 1156,527 1415,751
rect $d4/dc0/class_o_s_geo_1_1_f_d_o_1_1_expression_1_1_int16_value.htm 1439,527 1687,751
rect $de/de5/class_o_s_geo_1_1_f_d_o_1_1_expression_1_1_int32_value.htm 1711,527 1959,751
rect $d8/def/class_o_s_geo_1_1_f_d_o_1_1_expression_1_1_int64_value.htm 1983,527 2231,751
rect $df/dfd/class_o_s_geo_1_1_f_d_o_1_1_expression_1_1_l_o_b_value.htm 2255,535 2500,743
rect $d3/ddc/class_o_s_geo_1_1_f_d_o_1_1_expression_1_1_single_value.htm 2524,527 2777,751
rect $d1/d3c/class_o_s_geo_1_1_f_d_o_1_1_expression_1_1_string_value.htm 2801,519 3055,759
rect $d1/df7/class_o_s_geo_1_1_f_d_o_1_1_expression_1_1_literal_value.htm 1436,7 1689,103
