base referer
rect $_rdbms_ov_association_property_definition_8h.html 148,7 418,33
rect $_rdbms_ov_class_definition_8h.html 1366,209 1547,236
rect $_rdbms_ov_column_8h.html 214,159 352,185
rect $_rdbms_ov_data_property_definition_8h.html 483,159 712,185
rect $_rdbms_ov_geometric_column_8h.html 182,260 384,287
rect $_rdbms_ov_geometric_property_definition_8h.html 467,311 728,337
rect $_rdbms_ov_object_property_definition_8h.html 1076,387 1316,413
rect $_rdbms_ov_physical_schema_mapping_8h.html 476,741 719,768
rect $_rdbms_ov_property_definition_8h.html 183,209 383,236
rect $_rdbms_ov_property_mapping_class_8h.html 790,463 1016,489
rect $_rdbms_ov_property_mapping_concrete_8h.html 779,513 1027,540
rect $_rdbms_ov_property_mapping_definition_8h.html 158,513 408,540
rect $_rdbms_ov_property_mapping_relation_8h.html 476,513 719,540
rect $_rdbms_ov_property_mapping_single_8h.html 482,412 714,439
rect $_rdbms_ov_schema_auto_generation_8h.html 166,767 400,793
rect $_rdbms_ov_table_8h.html 1134,564 1259,591
