base referer
rect $d1/dcb/class_o_s_geo_1_1_f_d_o_1_1_runtime_1_1_disposable.htm 172,5149 404,5176
rect $d8/dc6/class_o_s_geo_1_1_f_d_o_1_1_client_services_1_1_connection_manager.htm 749,2641 1072,2668
rect $d5/d60/class_o_s_geo_1_1_f_d_o_1_1_client_services_1_1_provider.htm 784,5985 1037,6012
rect $d8/d1a/class_o_s_geo_1_1_f_d_o_1_1_client_services_1_1_provider_collection.htm 755,6036 1067,6063
rect $de/d5c/class_o_s_geo_1_1_f_d_o_1_1_client_services_1_1_provider_name_tokens.htm 745,6087 1076,6113
rect $d6/dfd/class_o_s_geo_1_1_f_d_o_1_1_client_services_1_1_provider_registry.htm 760,2793 1061,2820
rect $d4/d8c/class_o_s_geo_1_1_f_d_o_1_1_commands_1_1_batch_parameter_value_collection.htm 723,6137 1099,6164
rect $d6/dbb/class_o_s_geo_1_1_f_d_o_1_1_commands_1_1_data_store_1_1_i_data_store_reader_imp.htm 719,2844 1103,2871
rect $d5/d40/class_o_s_geo_1_1_f_d_o_1_1_commands_1_1_feature_1_1_i_reader_imp.htm 756,513 1065,540
rect $d2/db4/class_o_s_geo_1_1_f_d_o_1_1_commands_1_1_i_command_imp.htm 773,1527 1048,1553
rect $d7/d34/class_o_s_geo_1_1_f_d_o_1_1_commands_1_1_identifier_collection.htm 763,6847 1059,6873
rect $d3/d1c/class_o_s_geo_1_1_f_d_o_1_1_commands_1_1_locking_1_1_i_lock_conflict_reader_imp.htm 720,2895 1101,2921
rect $da/d35/class_o_s_geo_1_1_f_d_o_1_1_commands_1_1_locking_1_1_i_locked_object_reader_imp.htm 715,2945 1107,2972
rect $d0/d2c/class_o_s_geo_1_1_f_d_o_1_1_commands_1_1_locking_1_1_i_lock_owners_reader_imp.htm 719,2996 1103,3023
rect $d1/d5a/class_o_s_geo_1_1_f_d_o_1_1_commands_1_1_long_transaction_1_1_i_long_transaction_checkpoint_reader_imp.htm 647,3047 1175,3073
rect $d6/dcf/class_o_s_geo_1_1_f_d_o_1_1_commands_1_1_long_transaction_1_1_i_long_transaction_conflict_directive_enumerator_imp.htm 619,3097 1203,3124
rect $d5/df8/class_o_s_geo_1_1_f_d_o_1_1_commands_1_1_long_transaction_1_1_i_long_transaction_privilege_reader_imp.htm 655,3148 1167,3175
rect $db/d16/class_o_s_geo_1_1_f_d_o_1_1_commands_1_1_long_transaction_1_1_i_long_transaction_reader_imp.htm 680,3199 1141,3225
rect $dd/dc8/class_o_s_geo_1_1_f_d_o_1_1_commands_1_1_long_transaction_1_1_i_long_transaction_set_reader_imp.htm 669,3249 1152,3276
rect $da/dfa/class_o_s_geo_1_1_f_d_o_1_1_commands_1_1_parameter_value.htm 769,6897 1052,6924
rect $d3/dc6/class_o_s_geo_1_1_f_d_o_1_1_commands_1_1_parameter_value_collection.htm 740,6948 1081,6975
rect $df/d56/class_o_s_geo_1_1_f_d_o_1_1_commands_1_1_property_value.htm 776,3705 1045,3732
rect $db/d61/class_o_s_geo_1_1_f_d_o_1_1_commands_1_1_property_value_collection.htm 747,3756 1075,3783
rect $d0/dcb/class_o_s_geo_1_1_f_d_o_1_1_commands_1_1_schema_1_1_physical_schema_mapping_collection.htm 685,665 1136,692
rect $da/dec/class_o_s_geo_1_1_f_d_o_1_1_commands_1_1_spatial_context_1_1_i_spatial_context_reader_imp.htm 692,2591 1129,2617
rect $da/d0b/class_o_s_geo_1_1_f_d_o_1_1_commands_1_1_s_q_l_1_1_i_s_q_l_data_reader_imp.htm 737,3300 1084,3327
rect $d8/d99/class_o_s_geo_1_1_f_d_o_1_1_commands_1_1_unit_of_measure_1_1_i_measure_unit_reader_imp.htm 696,3351 1125,3377
rect $da/dfe/class_o_s_geo_1_1_f_d_o_1_1_common_1_1_dictionary_element.htm 771,4161 1051,4188
rect $d4/da8/class_o_s_geo_1_1_f_d_o_1_1_common_1_1_dictionary_element_collection.htm 741,4263 1080,4289
rect $d6/d31/class_o_s_geo_1_1_f_d_o_1_1_common_1_1_io_1_1_io_stream.htm 788,4364 1033,4391
rect $d4/dfc/class_o_s_geo_1_1_f_d_o_1_1_common_1_1_io_1_1_io_text_reader.htm 775,4567 1047,4593
rect $d6/d38/class_o_s_geo_1_1_f_d_o_1_1_common_1_1_io_1_1_io_text_writer.htm 779,4617 1043,4644
rect $dd/dc1/class_o_s_geo_1_1_f_d_o_1_1_common_1_1_i_stream_reader_imp.htm 768,3655 1053,3681
rect $dd/d88/class_o_s_geo_1_1_f_d_o_1_1_common_1_1_string_collection.htm 779,4668 1043,4695
rect $df/d0e/class_o_s_geo_1_1_f_d_o_1_1_common_1_1_string_element.htm 783,4719 1039,4745
rect $dd/d46/class_o_s_geo_1_1_f_d_o_1_1_common_1_1_xml_1_1_xml_attribute.htm 773,4769 1048,4796
rect $d1/d3e/class_o_s_geo_1_1_f_d_o_1_1_common_1_1_xml_1_1_xml_attribute_collection.htm 744,4820 1077,4847
rect $d1/df5/class_o_s_geo_1_1_f_d_o_1_1_common_1_1_xml_1_1_xml_reader.htm 776,4871 1045,4897
rect $d8/d22/class_o_s_geo_1_1_f_d_o_1_1_common_1_1_xml_1_1_xml_sax_handler.htm 763,3553 1059,3580
rect $de/d67/class_o_s_geo_1_1_f_d_o_1_1_common_1_1_xml_1_1_xml_writer.htm 780,4921 1041,4948
rect $d6/dca/class_o_s_geo_1_1_f_d_o_1_1_common_1_1_xsl_1_1_xsl_transformer.htm 765,4972 1056,4999
rect $d5/dda/class_o_s_geo_1_1_f_d_o_1_1_connections_1_1_capabilities_1_1_argument_definition.htm 720,5023 1101,5049
rect $d8/dce/class_o_s_geo_1_1_f_d_o_1_1_connections_1_1_capabilities_1_1_argument_definition_collection.htm 691,5073 1131,5100
rect $d6/da0/class_o_s_geo_1_1_f_d_o_1_1_connections_1_1_capabilities_1_1_function_definition.htm 724,5124 1097,5151
rect $d5/dac/class_o_s_geo_1_1_f_d_o_1_1_connections_1_1_capabilities_1_1_function_definition_collection.htm 695,5175 1127,5201
rect $d8/d5d/class_o_s_geo_1_1_f_d_o_1_1_connections_1_1_capabilities_1_1_i_command_capabilities_imp.htm 699,3401 1123,3428
rect $d9/d78/class_o_s_geo_1_1_f_d_o_1_1_connections_1_1_capabilities_1_1_i_connection_capabilities_imp.htm 696,3452 1125,3479
rect $d3/d3c/class_o_s_geo_1_1_f_d_o_1_1_connections_1_1_capabilities_1_1_i_expression_capabilities_imp.htm 696,3503 1125,3529
rect $df/d2a/class_o_s_geo_1_1_f_d_o_1_1_connections_1_1_capabilities_1_1_i_filter_capabilities_imp.htm 715,7455 1107,7481
rect $d5/d3d/class_o_s_geo_1_1_f_d_o_1_1_connections_1_1_capabilities_1_1_i_geometry_capabilities_imp.htm 700,7505 1121,7532
rect $de/d60/class_o_s_geo_1_1_f_d_o_1_1_connections_1_1_capabilities_1_1_i_raster_capabilities_imp.htm 709,7556 1112,7583
rect $d6/d85/class_o_s_geo_1_1_f_d_o_1_1_connections_1_1_capabilities_1_1_i_schema_capabilities_imp.htm 705,7607 1116,7633
rect $dd/d19/class_o_s_geo_1_1_f_d_o_1_1_connections_1_1_capabilities_1_1_i_topology_capabilities_imp.htm 701,7657 1120,7684
rect $d4/da9/class_o_s_geo_1_1_f_d_o_1_1_connections_1_1_capabilities_1_1_read_only_argument_definition_collection.htm 661,5225 1160,5252
rect $d5/d9e/class_o_s_geo_1_1_f_d_o_1_1_connections_1_1_capabilities_1_1_read_only_signature_definition_collection.htm 661,5276 1160,5303
rect $de/dd5/class_o_s_geo_1_1_f_d_o_1_1_connections_1_1_capabilities_1_1_signature_definition.htm 720,5327 1101,5353
rect $d6/d32/class_o_s_geo_1_1_f_d_o_1_1_connections_1_1_capabilities_1_1_signature_definition_collection.htm 692,5377 1129,5404
rect $d1/dc1/class_o_s_geo_1_1_f_d_o_1_1_connections_1_1_i_connection_imp.htm 768,7708 1053,7735
rect $de/dce/class_o_s_geo_1_1_f_d_o_1_1_connections_1_1_i_connection_info_imp.htm 757,7759 1064,7785
rect $d8/d94/class_o_s_geo_1_1_f_d_o_1_1_connections_1_1_i_connection_property_dictionary_imp.htm 713,6999 1108,7025
rect $de/d43/class_o_s_geo_1_1_f_d_o_1_1_connections_1_1_i_transaction_imp.htm 767,7860 1055,7887
rect $de/d02/class_o_s_geo_1_1_f_d_o_1_1_expression_1_1_data_value_collection.htm 759,5529 1063,5556
rect $d5/d7e/class_o_s_geo_1_1_f_d_o_1_1_expression_1_1_expression.htm 785,5428 1036,5455
rect $dc/de7/class_o_s_geo_1_1_f_d_o_1_1_expression_1_1_expression_collection.htm 757,5580 1064,5607
rect $d9/dd1/class_o_s_geo_1_1_f_d_o_1_1_expression_1_1_i_expression_processor_imp.htm 743,7911 1079,7937
rect $dc/da4/class_o_s_geo_1_1_f_d_o_1_1_filter_1_1_filter.htm 821,5479 1000,5505
rect $dc/d97/class_o_s_geo_1_1_f_d_o_1_1_filter_1_1_i_filter_processor_imp.htm 779,7961 1043,7988
rect $dc/d16/class_o_s_geo_1_1_f_d_o_1_1_filter_1_1_value_expression_collection.htm 757,5631 1064,5657
rect $d9/d46/class_o_s_geo_1_1_f_d_o_1_1_geometry_1_1_curve_polygon_collection.htm 752,5681 1069,5708
rect $d1/d8e/class_o_s_geo_1_1_f_d_o_1_1_geometry_1_1_curve_segment_collection.htm 749,5732 1072,5759
rect $d9/de5/class_o_s_geo_1_1_f_d_o_1_1_geometry_1_1_curve_string_collection.htm 757,5783 1064,5809
rect $d9/de2/class_o_s_geo_1_1_f_d_o_1_1_geometry_1_1_direct_position_collection.htm 752,5833 1069,5860
rect $d2/d3b/class_o_s_geo_1_1_f_d_o_1_1_geometry_1_1_direct_position_impl.htm 768,8012 1053,8039
rect $d7/d66/class_o_s_geo_1_1_f_d_o_1_1_geometry_1_1_envelope_impl.htm 781,8113 1040,8140
rect $d4/d29/class_o_s_geo_1_1_f_d_o_1_1_geometry_1_1_geometry_collection.htm 764,5884 1057,5911
rect $d7/d8a/class_o_s_geo_1_1_f_d_o_1_1_geometry_1_1_geometry_factory_abstract.htm 745,6239 1076,6265
rect $d7/d02/class_o_s_geo_1_1_f_d_o_1_1_geometry_1_1_i_curve_segment_abstract_imp.htm 740,7151 1081,7177
rect $d8/da4/class_o_s_geo_1_1_f_d_o_1_1_geometry_1_1_i_direct_position_imp.htm 768,8063 1053,8089
rect $d7/dc8/class_o_s_geo_1_1_f_d_o_1_1_geometry_1_1_i_envelope_imp.htm 781,8164 1040,8191
rect $dc/d19/class_o_s_geo_1_1_f_d_o_1_1_geometry_1_1_i_geometry_imp.htm 780,7353 1041,7380
rect $d5/d84/class_o_s_geo_1_1_f_d_o_1_1_geometry_1_1_i_ring_abstract_imp.htm 771,8265 1051,8292
rect $d5/d68/class_o_s_geo_1_1_f_d_o_1_1_geometry_1_1_linear_ring_collection.htm 761,5935 1060,5961
rect $dc/d18/class_o_s_geo_1_1_f_d_o_1_1_geometry_1_1_line_string_collection.htm 763,6188 1059,6215
rect $d5/d06/class_o_s_geo_1_1_f_d_o_1_1_geometry_1_1_point_collection.htm 777,6289 1044,6316
rect $df/def/class_o_s_geo_1_1_f_d_o_1_1_geometry_1_1_polygon_collection.htm 769,6340 1052,6367
rect $d2/dd1/class_o_s_geo_1_1_f_d_o_1_1_geometry_1_1_ring_collection.htm 780,6391 1041,6417
rect $d2/d37/class_o_s_geo_1_1_f_d_o_1_1_i_connection_manager_imp.htm 783,2692 1039,2719
rect $dd/d3e/class_o_s_geo_1_1_f_d_o_1_1_i_disposable_collection.htm 792,6441 1029,6468
rect $d1/d21/class_o_s_geo_1_1_f_d_o_1_1_i_provider_registry_imp.htm 793,2743 1028,2769
rect $d3/d65/class_o_s_geo_1_1_f_d_o_1_1_raster_1_1_data_value_collection.htm 772,6492 1049,6519
rect $dc/d58/class_o_s_geo_1_1_f_d_o_1_1_raster_1_1_i_raster_imp.htm 799,8367 1023,8393
rect $d8/d77/class_o_s_geo_1_1_f_d_o_1_1_raster_1_1_i_raster_property_dictionary_imp.htm 744,8417 1077,8444
rect $de/dfd/class_o_s_geo_1_1_f_d_o_1_1_raster_1_1_raster_data_model.htm 780,6543 1041,6569
rect $db/d0b/class_o_s_geo_1_1_f_d_o_1_1_schema_1_1_class_capabilities.htm 776,6593 1045,6620
rect $dc/de9/class_o_s_geo_1_1_f_d_o_1_1_schema_1_1_class_collection.htm 781,6644 1040,6671
rect $df/dcf/class_o_s_geo_1_1_f_d_o_1_1_schema_1_1_data_property_definition_collection.htm 731,6695 1091,6721
rect $d7/d34/class_o_s_geo_1_1_f_d_o_1_1_schema_1_1_feature_class_collection.htm 759,6745 1063,6772
rect $de/d01/class_o_s_geo_1_1_f_d_o_1_1_schema_1_1_feature_schema_collection.htm 751,615 1071,641
rect $d4/d7f/class_o_s_geo_1_1_f_d_o_1_1_schema_1_1_property_definition_collection.htm 745,6796 1076,6823
rect $de/d42/class_o_s_geo_1_1_f_d_o_1_1_schema_1_1_property_value_constraint.htm 755,4212 1067,4239
rect $d9/db5/class_o_s_geo_1_1_f_d_o_1_1_schema_1_1_read_only_data_property_definition_collection.htm 701,3807 1120,3833
rect $d1/d9d/class_o_s_geo_1_1_f_d_o_1_1_schema_1_1_read_only_property_definition_collection.htm 716,3857 1105,3884
rect $dc/dc4/class_o_s_geo_1_1_f_d_o_1_1_schema_1_1_unique_constraint.htm 776,3908 1045,3935
rect $da/db5/class_o_s_geo_1_1_f_d_o_1_1_schema_1_1_unique_constraint_collection.htm 747,3959 1075,3985
rect $dc/d7d/class_o_s_geo_1_1_f_d_o_1_1_spatial_1_1_spatial_grid_transform.htm 768,4009 1053,4036
rect $d9/d4a/class_o_s_geo_1_1_f_d_o_1_1_xml_1_1_xml_class_mapping_collection.htm 757,4060 1064,4087
rect $d3/d90/class_o_s_geo_1_1_f_d_o_1_1_xml_1_1_xml_element_mapping_collection.htm 749,4111 1072,4137
rect $de/d36/class_o_s_geo_1_1_f_d_o_1_1_xml_1_1_xml_feature_handler.htm 783,1679 1039,1705
rect $d3/ddc/class_o_s_geo_1_1_f_d_o_1_1_xml_1_1_xml_feature_property_writer.htm 763,4313 1059,4340
rect $d9/d23/class_o_s_geo_1_1_f_d_o_1_1_xml_1_1_xml_feature_writer.htm 788,4415 1033,4441
rect $d0/dba/class_o_s_geo_1_1_f_d_o_1_1_xml_1_1_xml_flags.htm 812,4465 1009,4492
rect $d4/dc6/class_o_s_geo_1_1_f_d_o_1_1_xml_1_1_xml_serializable.htm 795,1628 1027,1655
rect $dd/d8b/class_o_s_geo_1_1_f_d_o_1_1_xml_1_1_xml_spatial_context_writer.htm 768,4516 1053,4543
rect $dc/d2e/class_o_s_geo_1_1_f_d_o_1_1_commands_1_1_feature_1_1_i_data_reader_imp.htm 1351,361 1689,388
rect $d4/d5b/class_o_s_geo_1_1_f_d_o_1_1_commands_1_1_feature_1_1_i_feature_reader_imp.htm 1343,640 1697,667
rect $db/dfa/class_o_s_geo_1_1_f_d_o_1_1_commands_1_1_data_store_1_1_i_create_data_store_imp.htm 1329,716 1711,743
rect $d0/d1c/class_o_s_geo_1_1_f_d_o_1_1_commands_1_1_data_store_1_1_i_destroy_data_store_imp.htm 1327,767 1713,793
rect $d3/d6b/class_o_s_geo_1_1_f_d_o_1_1_commands_1_1_data_store_1_1_i_list_data_stores_imp.htm 1336,817 1704,844
rect $d2/d73/class_o_s_geo_1_1_f_d_o_1_1_commands_1_1_feature_1_1_i_insert_imp.htm 1371,868 1669,895
rect $de/da4/class_o_s_geo_1_1_f_d_o_1_1_commands_1_1_i_feature_command_imp.htm 1360,260 1680,287
rect $de/d13/class_o_s_geo_1_1_f_d_o_1_1_commands_1_1_locking_1_1_i_get_locked_objects_imp.htm 1332,921 1708,948
rect $dc/d05/class_o_s_geo_1_1_f_d_o_1_1_commands_1_1_locking_1_1_i_get_lock_owners_imp.htm 1339,976 1701,1003
rect $dc/d21/class_o_s_geo_1_1_f_d_o_1_1_commands_1_1_long_transaction_1_1_i_activate_long_transaction_checkpoint_imp.htm 1253,1033 1787,1060
rect $df/da7/class_o_s_geo_1_1_f_d_o_1_1_commands_1_1_long_transaction_1_1_i_activate_long_transaction_imp.htm 1287,1096 1753,1123
rect $da/d7d/class_o_s_geo_1_1_f_d_o_1_1_commands_1_1_long_transaction_1_1_i_change_long_transaction_privileges_imp.htm 1259,1172 1781,1199
rect $dc/dd9/class_o_s_geo_1_1_f_d_o_1_1_commands_1_1_long_transaction_1_1_i_change_long_transaction_set_imp.htm 1277,1223 1763,1249
rect $d3/d59/class_o_s_geo_1_1_f_d_o_1_1_commands_1_1_long_transaction_1_1_i_create_long_transaction_checkpoint_imp.htm 1257,1273 1783,1300
rect $d4/d41/class_o_s_geo_1_1_f_d_o_1_1_commands_1_1_long_transaction_1_1_i_create_long_transaction_imp.htm 1291,1324 1749,1351
rect $d3/d10/class_o_s_geo_1_1_f_d_o_1_1_commands_1_1_long_transaction_1_1_i_deactivate_long_transaction_imp.htm 1279,1375 1761,1401
rect $dc/d87/class_o_s_geo_1_1_f_d_o_1_1_commands_1_1_long_transaction_1_1_i_freeze_long_transaction_imp.htm 1291,1425 1749,1452
rect $d1/d48/class_o_s_geo_1_1_f_d_o_1_1_commands_1_1_long_transaction_1_1_i_get_long_transaction_checkpoints_imp.htm 1263,1476 1777,1503
rect $d1/de8/class_o_s_geo_1_1_f_d_o_1_1_commands_1_1_long_transaction_1_1_i_get_long_transaction_privileges_imp.htm 1271,1577 1769,1604
rect $dd/d31/class_o_s_geo_1_1_f_d_o_1_1_commands_1_1_long_transaction_1_1_i_get_long_transactions_imp.htm 1296,1629 1744,1656
rect $df/d12/class_o_s_geo_1_1_f_d_o_1_1_commands_1_1_long_transaction_1_1_i_get_long_transactions_in_set_imp.htm 1281,1681 1759,1708
rect $db/d97/class_o_s_geo_1_1_f_d_o_1_1_commands_1_1_long_transaction_1_1_i_rollback_long_transaction_checkpoint_imp.htm 1252,1735 1788,1761
rect $d8/d77/class_o_s_geo_1_1_f_d_o_1_1_commands_1_1_schema_1_1_i_apply_schema_imp.htm 1344,1787 1696,1813
rect $dd/dab/class_o_s_geo_1_1_f_d_o_1_1_commands_1_1_schema_1_1_i_describe_schema_imp.htm 1335,1844 1705,1871
rect $d8/d81/class_o_s_geo_1_1_f_d_o_1_1_commands_1_1_schema_1_1_i_describe_schema_mapping_imp.htm 1309,1907 1731,1933
rect $d8/d63/class_o_s_geo_1_1_f_d_o_1_1_commands_1_1_schema_1_1_i_destroy_schema_imp.htm 1339,1983 1701,2009
rect $d1/d01/class_o_s_geo_1_1_f_d_o_1_1_commands_1_1_spatial_context_1_1_i_activate_spatial_context_imp.htm 1300,2084 1740,2111
rect $de/d1b/class_o_s_geo_1_1_f_d_o_1_1_commands_1_1_spatial_context_1_1_i_create_spatial_context_imp.htm 1303,2135 1737,2161
rect $d7/d3c/class_o_s_geo_1_1_f_d_o_1_1_commands_1_1_spatial_context_1_1_i_destroy_spatial_context_imp.htm 1300,2185 1740,2212
rect $da/dee/class_o_s_geo_1_1_f_d_o_1_1_commands_1_1_spatial_context_1_1_i_get_spatial_contexts_imp.htm 1309,2236 1731,2263
rect $d9/d1e/class_o_s_geo_1_1_f_d_o_1_1_commands_1_1_s_q_l_1_1_i_s_q_l_command_imp.htm 1352,2287 1688,2313
rect $db/df9/class_o_s_geo_1_1_f_d_o_1_1_commands_1_1_unit_of_measure_1_1_i_create_measure_unit_imp.htm 1307,2337 1733,2364
rect $d4/dd0/class_o_s_geo_1_1_f_d_o_1_1_commands_1_1_unit_of_measure_1_1_i_destroy_measure_unit_imp.htm 1304,2388 1736,2415
rect $d3/d1d/class_o_s_geo_1_1_f_d_o_1_1_commands_1_1_unit_of_measure_1_1_i_get_measure_units_imp.htm 1313,2439 1727,2465
rect $d0/d43/class_o_s_geo_1_1_f_d_o_1_1_commands_1_1_feature_1_1_i_base_select_imp.htm 1904,57 2237,84
rect $d1/de5/class_o_s_geo_1_1_f_d_o_1_1_commands_1_1_feature_1_1_i_delete_imp.htm 1919,159 2223,185
rect $d0/d3f/class_o_s_geo_1_1_f_d_o_1_1_commands_1_1_feature_1_1_i_update_imp.htm 1916,209 2225,236
rect $de/dee/class_o_s_geo_1_1_f_d_o_1_1_commands_1_1_locking_1_1_i_acquire_lock_imp.htm 1901,260 2240,287
rect $d0/deb/class_o_s_geo_1_1_f_d_o_1_1_commands_1_1_locking_1_1_i_get_lock_info_imp.htm 1901,311 2240,337
rect $d8/d48/class_o_s_geo_1_1_f_d_o_1_1_commands_1_1_locking_1_1_i_release_lock_imp.htm 1900,387 2241,413
rect $d8/d68/class_o_s_geo_1_1_f_d_o_1_1_commands_1_1_long_transaction_1_1_i_commit_long_transaction_imp.htm 1839,451 2303,477
rect $d2/d64/class_o_s_geo_1_1_f_d_o_1_1_commands_1_1_long_transaction_1_1_i_rollback_long_transaction_imp.htm 1836,508 2305,535
rect $d6/df5/class_o_s_geo_1_1_f_d_o_1_1_commands_1_1_feature_1_1_i_select_aggregates_imp.htm 2355,20 2725,47
rect $d3/d83/class_o_s_geo_1_1_f_d_o_1_1_commands_1_1_feature_1_1_i_select_imp.htm 2388,96 2692,123
rect $d7/d01/class_o_s_geo_1_1_f_d_o_1_1_common_1_1_io_1_1_io_file_stream.htm 1387,4325 1653,4352
rect $db/d7a/class_o_s_geo_1_1_f_d_o_1_1_common_1_1_io_1_1_io_memory_stream.htm 1373,4376 1667,4403
rect $d8/da7/class_o_s_geo_1_1_f_d_o_1_1_common_1_1_io_1_1_io_byte_stream_reader.htm 1363,3731 1677,3757
rect $d5/dbf/class_o_s_geo_1_1_f_d_o_1_1_common_1_1_io_1_1_io_char_stream_reader.htm 1361,3680 1679,3707
rect $d0/d24/class_o_s_geo_1_1_f_d_o_1_1_commands_1_1_schema_1_1_physical_element_mapping.htm 1324,3629 1716,3656
rect $da/dcd/class_o_s_geo_1_1_f_d_o_1_1_common_1_1_xml_1_1_xml_char_data_handler.htm 1356,3528 1684,3555
rect $d9/de7/class_o_s_geo_1_1_f_d_o_1_1_common_1_1_xml_1_1_xml_copy_handler.htm 1368,3579 1672,3605
rect $d1/d95/class_o_s_geo_1_1_f_d_o_1_1_common_1_1_xml_1_1_xml_skip_element_handler.htm 1347,3275 1693,3301
rect $de/de3/class_o_s_geo_1_1_f_d_o_1_1_schema_1_1_schema_attribute_dictionary.htm 1357,3325 1683,3352
rect $d8/dc0/class_o_s_geo_1_1_f_d_o_1_1_schema_1_1_schema_element.htm 1388,3173 1652,3200
rect $db/d1f/class_o_s_geo_1_1_f_d_o_1_1_xml_1_1_xml_deserializable.htm 1396,2641 1644,2668
rect $d3/d15/class_o_s_geo_1_1_f_d_o_1_1_xml_1_1_xml_feature_property_reader.htm 1368,3427 1672,3453
rect $d9/d04/class_o_s_geo_1_1_f_d_o_1_1_xml_1_1_xml_name_collection_handler.htm 1368,3477 1672,3504
rect $d8/d01/class_o_s_geo_1_1_f_d_o_1_1_xml_1_1_xml_spatial_context_reader.htm 1373,2844 1667,2871
rect $d5/d05/class_o_s_geo_1_1_f_d_o_1_1_commands_1_1_schema_1_1_physical_class_mapping.htm 1883,3680 2259,3707
rect $d6/dc0/class_o_s_geo_1_1_f_d_o_1_1_commands_1_1_schema_1_1_physical_property_mapping.htm 1873,3427 2268,3453
rect $de/de5/class_o_s_geo_1_1_f_d_o_1_1_commands_1_1_schema_1_1_physical_schema_mapping.htm 1875,3579 2267,3605
rect $d6/d39/class_o_s_geo_1_1_f_d_o_1_1_xml_1_1_xml_element_mapping.htm 1939,3629 2203,3656
rect $d9/d6c/class_o_s_geo_1_1_f_d_o_1_1_xml_1_1_xml_class_mapping.htm 2416,3680 2664,3707
rect $d4/d40/class_o_s_geo_1_1_f_d_o_1_1_xml_1_1_xml_schema_mapping.htm 2408,3579 2672,3605
rect $d6/d23/class_o_s_geo_1_1_f_d_o_1_1_schema_1_1_class_definition.htm 1943,3097 2199,3124
rect $d8/d62/class_o_s_geo_1_1_f_d_o_1_1_schema_1_1_feature_schema.htm 1940,1817 2201,1844
rect $d6/dbd/class_o_s_geo_1_1_f_d_o_1_1_schema_1_1_property_definition.htm 1935,3325 2207,3352
rect $d2/d2d/class_o_s_geo_1_1_f_d_o_1_1_schema_1_1_class.htm 2440,3123 2640,3149
rect $d1/daf/class_o_s_geo_1_1_f_d_o_1_1_schema_1_1_feature_class.htm 2417,3173 2663,3200
rect $d0/d45/class_o_s_geo_1_1_f_d_o_1_1_schema_1_1_network_class.htm 2416,2971 2664,2997
rect $db/dd7/class_o_s_geo_1_1_f_d_o_1_1_schema_1_1_network_layer_class.htm 2399,3021 2681,3048
rect $d3/d49/class_o_s_geo_1_1_f_d_o_1_1_schema_1_1_topology.htm 2429,3072 2651,3099
rect $d1/df7/class_o_s_geo_1_1_f_d_o_1_1_schema_1_1_network_feature_class.htm 2808,3173 3104,3200
rect $d5/d07/class_o_s_geo_1_1_f_d_o_1_1_schema_1_1_network_link_feature_class.htm 3189,3148 3509,3175
rect $d8/d67/class_o_s_geo_1_1_f_d_o_1_1_schema_1_1_network_node_feature_class.htm 3185,3199 3513,3225
rect $d2/dfd/class_o_s_geo_1_1_f_d_o_1_1_schema_1_1_association_property_definition.htm 2369,3275 2711,3301
rect $d6/d01/class_o_s_geo_1_1_f_d_o_1_1_schema_1_1_data_property_definition.htm 2389,3325 2691,3352
rect $d0/db1/class_o_s_geo_1_1_f_d_o_1_1_schema_1_1_geometric_property_definition.htm 2373,3376 2707,3403
rect $d6/d46/class_o_s_geo_1_1_f_d_o_1_1_schema_1_1_object_property_definition.htm 2384,3427 2696,3453
rect $d2/d07/class_o_s_geo_1_1_f_d_o_1_1_schema_1_1_raster_property_definition.htm 2384,3477 2696,3504
rect $da/d37/class_o_s_geo_1_1_f_d_o_1_1_schema_1_1_topo_feature_property_definition.htm 2365,3224 2715,3251
rect $dc/d10/class_o_s_geo_1_1_f_d_o_1_1_schema_1_1_topo_geometry_property_definition.htm 2775,3376 3137,3403
rect $db/de7/class_o_s_geo_1_1_f_d_o_1_1_commands_1_1_data_store_1_1_i_data_store_property_dictionary_imp.htm 1295,6999 1745,7025
rect $d2/db9/class_o_s_geo_1_1_f_d_o_1_1_expression_1_1_binary_expression.htm 1376,5428 1664,5455
rect $d9/d31/class_o_s_geo_1_1_f_d_o_1_1_expression_1_1_function.htm 1403,5479 1637,5505
rect $df/d75/class_o_s_geo_1_1_f_d_o_1_1_expression_1_1_identifier.htm 1403,5276 1637,5303
rect $d7/d7b/class_o_s_geo_1_1_f_d_o_1_1_expression_1_1_unary_expression.htm 1377,5327 1663,5353
rect $d8/dfd/class_o_s_geo_1_1_f_d_o_1_1_expression_1_1_value_expression.htm 1379,5377 1661,5404
rect $d1/d0f/class_o_s_geo_1_1_f_d_o_1_1_expression_1_1_computed_identifier.htm 1923,5276 2219,5303
rect $d1/df7/class_o_s_geo_1_1_f_d_o_1_1_expression_1_1_literal_value.htm 1944,5352 2197,5379
rect $dd/dd4/class_o_s_geo_1_1_f_d_o_1_1_expression_1_1_parameter.htm 1948,5403 2193,5429
rect $d9/de6/class_o_s_geo_1_1_f_d_o_1_1_expression_1_1_data_value.htm 2417,5377 2663,5404
rect $d6/dde/class_o_s_geo_1_1_f_d_o_1_1_expression_1_1_geometry_value.htm 2401,5327 2679,5353
rect $df/df8/class_o_s_geo_1_1_f_d_o_1_1_expression_1_1_boolean_value.htm 2823,5631 3089,5657
rect $d3/dbb/class_o_s_geo_1_1_f_d_o_1_1_expression_1_1_byte_value.htm 2833,5124 3079,5151
rect $d9/d66/class_o_s_geo_1_1_f_d_o_1_1_expression_1_1_date_time_value.htm 2819,5175 3093,5201
rect $d3/d97/class_o_s_geo_1_1_f_d_o_1_1_expression_1_1_decimal_value.htm 2823,5225 3089,5252
rect $da/d4a/class_o_s_geo_1_1_f_d_o_1_1_expression_1_1_double_value.htm 2827,5276 3085,5303
rect $d4/dc0/class_o_s_geo_1_1_f_d_o_1_1_expression_1_1_int16_value.htm 2832,5327 3080,5353
rect $de/de5/class_o_s_geo_1_1_f_d_o_1_1_expression_1_1_int32_value.htm 2832,5377 3080,5404
rect $d8/def/class_o_s_geo_1_1_f_d_o_1_1_expression_1_1_int64_value.htm 2832,5428 3080,5455
rect $df/dfd/class_o_s_geo_1_1_f_d_o_1_1_expression_1_1_l_o_b_value.htm 2833,5479 3079,5505
rect $d3/ddc/class_o_s_geo_1_1_f_d_o_1_1_expression_1_1_single_value.htm 2829,5529 3083,5556
rect $d1/d3c/class_o_s_geo_1_1_f_d_o_1_1_expression_1_1_string_value.htm 2829,5580 3083,5607
rect $d7/d35/class_o_s_geo_1_1_f_d_o_1_1_expression_1_1_b_l_o_b_value.htm 3223,5453 3476,5480
rect $dd/d05/class_o_s_geo_1_1_f_d_o_1_1_expression_1_1_c_l_o_b_value.htm 3223,5504 3476,5531
rect $d3/daa/class_o_s_geo_1_1_f_d_o_1_1_filter_1_1_logical_operator.htm 1399,5529 1641,5556
rect $db/d85/class_o_s_geo_1_1_f_d_o_1_1_filter_1_1_search_condition.htm 1397,5631 1643,5657
rect $d3/d62/class_o_s_geo_1_1_f_d_o_1_1_filter_1_1_binary_logical_operator.htm 1931,5529 2211,5556
rect $dd/d31/class_o_s_geo_1_1_f_d_o_1_1_filter_1_1_unary_logical_operator.htm 1932,5479 2209,5505
rect $d3/de8/class_o_s_geo_1_1_f_d_o_1_1_filter_1_1_comparison_condition.htm 1933,5580 2208,5607
rect $d8/d6b/class_o_s_geo_1_1_f_d_o_1_1_filter_1_1_geometric_condition.htm 1937,5631 2204,5657
rect $d2/d5a/class_o_s_geo_1_1_f_d_o_1_1_filter_1_1_in_condition.htm 1963,5681 2179,5708
rect $d1/d97/class_o_s_geo_1_1_f_d_o_1_1_filter_1_1_null_condition.htm 1957,5732 2184,5759
rect $d1/d68/class_o_s_geo_1_1_f_d_o_1_1_filter_1_1_distance_condition.htm 2412,5656 2668,5683
rect $d9/d4c/class_o_s_geo_1_1_f_d_o_1_1_filter_1_1_spatial_condition.htm 2417,5605 2663,5632
rect $d8/d99/class_o_s_geo_1_1_f_d_o_1_1_geometry_1_1_fgf_geometry_factory.htm 1371,6239 1669,6265
rect $d5/db8/class_o_s_geo_1_1_f_d_o_1_1_geometry_1_1_i_arc_segment_abstract_imp.htm 1357,7049 1683,7076
rect $d5/daf/class_o_s_geo_1_1_f_d_o_1_1_geometry_1_1_i_line_string_segment_imp.htm 1361,7201 1679,7228
rect $d8/dcb/class_o_s_geo_1_1_f_d_o_1_1_geometry_1_1_i_circular_arc_segment_imp.htm 1909,7075 2232,7101
rect $d4/dd3/class_o_s_geo_1_1_f_d_o_1_1_geometry_1_1_i_curve_abstract_imp.htm 1376,7252 1664,7279
rect $dd/d30/class_o_s_geo_1_1_f_d_o_1_1_geometry_1_1_i_geometric_aggregate_abstract_imp.htm 1332,7505 1708,7532
rect $d5/d99/class_o_s_geo_1_1_f_d_o_1_1_geometry_1_1_i_point_imp.htm 1403,7809 1637,7836
rect $d9/d09/class_o_s_geo_1_1_f_d_o_1_1_geometry_1_1_i_surface_abstract_imp.htm 1371,7759 1669,7785
rect $d5/dc3/class_o_s_geo_1_1_f_d_o_1_1_geometry_1_1_i_curve_string_imp.htm 1933,7176 2208,7203
rect $d6/d85/class_o_s_geo_1_1_f_d_o_1_1_geometry_1_1_i_line_string_imp.htm 1939,7277 2203,7304
rect $da/d90/class_o_s_geo_1_1_f_d_o_1_1_geometry_1_1_i_multi_curve_polygon_imp.htm 1913,7356 2228,7383
rect $df/dd6/class_o_s_geo_1_1_f_d_o_1_1_geometry_1_1_i_multi_curve_string_imp.htm 1920,7409 2221,7436
rect $d0/de9/class_o_s_geo_1_1_f_d_o_1_1_geometry_1_1_i_multi_geometry_imp.htm 1925,7467 2216,7493
rect $d2/dab/class_o_s_geo_1_1_f_d_o_1_1_geometry_1_1_i_multi_line_string_imp.htm 1925,7543 2216,7569
rect $df/d58/class_o_s_geo_1_1_f_d_o_1_1_geometry_1_1_i_multi_point_imp.htm 1940,7605 2201,7632
rect $df/d69/class_o_s_geo_1_1_f_d_o_1_1_geometry_1_1_i_multi_polygon_imp.htm 1931,7657 2211,7684
rect $d5/d09/class_o_s_geo_1_1_f_d_o_1_1_geometry_1_1_i_curve_polygon_imp.htm 1928,7733 2213,7760
rect $de/dff/class_o_s_geo_1_1_f_d_o_1_1_geometry_1_1_i_polygon_imp.htm 1945,7809 2196,7836
rect $dd/d61/class_o_s_geo_1_1_f_d_o_1_1_geometry_1_1_i_linear_ring_imp.htm 1387,8228 1653,8255
rect $d5/d28/class_o_s_geo_1_1_f_d_o_1_1_geometry_1_1_i_ring_imp.htm 1405,8304 1635,8331
rect $da/d96/class_o_s_geo_1_1_f_d_o_1_1_schema_1_1_property_value_constraint_list.htm 1353,4187 1687,4213
rect $d0/de4/class_o_s_geo_1_1_f_d_o_1_1_schema_1_1_property_value_constraint_range.htm 1344,4237 1696,4264
rect $df/da3/class_o_s_geo_1_1_f_d_o_1_1_xml_1_1_xml_feature_reader.htm 1393,1527 1647,1553
rect $d9/d7b/class_o_s_geo_1_1_f_d_o_1_1_xml_1_1_xml_feature_flags.htm 1399,4491 1641,4517
rect $d9/d46/class_o_s_geo_1_1_f_d_o_1_1_xml_1_1_xml_spatial_context_flags.htm 1379,4440 1661,4467
rect $d2/d7f/interface_o_s_geo_1_1_f_d_o_1_1_commands_1_1_locking_1_1_i_acquire_lock.htm 1361,209 1679,236
rect $d7/d8d/interface_o_s_geo_1_1_f_d_o_1_1_commands_1_1_long_transaction_1_1_i_activate_long_transaction.htm 689,1071 1132,1097
rect $d8/da2/interface_o_s_geo_1_1_f_d_o_1_1_commands_1_1_long_transaction_1_1_i_activate_long_transaction_checkpoint.htm 656,1020 1165,1047
rect $d1/d03/interface_o_s_geo_1_1_f_d_o_1_1_commands_1_1_spatial_context_1_1_i_activate_spatial_context.htm 701,2084 1120,2111
rect $d4/d0f/interface_o_s_geo_1_1_f_d_o_1_1_commands_1_1_schema_1_1_i_apply_schema.htm 747,1881 1075,1908
rect $d3/dbf/interface_o_s_geo_1_1_f_d_o_1_1_geometry_1_1_i_arc_segment_abstract.htm 759,7100 1063,7127
rect $d3/def/interface_o_s_geo_1_1_f_d_o_1_1_commands_1_1_feature_1_1_i_base_select.htm 1364,57 1676,84
rect $df/df2/interface_o_s_geo_1_1_f_d_o_1_1_commands_1_1_long_transaction_1_1_i_change_long_transaction_privileges.htm 661,1172 1160,1199
rect $d2/d79/interface_o_s_geo_1_1_f_d_o_1_1_commands_1_1_long_transaction_1_1_i_change_long_transaction_set.htm 680,1223 1141,1249
rect $d8/d5f/interface_o_s_geo_1_1_f_d_o_1_1_geometry_1_1_i_circular_arc_segment.htm 1371,7100 1669,7127
rect $d2/df1/interface_o_s_geo_1_1_f_d_o_1_1_commands_1_1_i_command.htm 163,1527 413,1553
rect $d6/d46/interface_o_s_geo_1_1_f_d_o_1_1_connections_1_1_capabilities_1_1_i_command_capabilities.htm 87,3401 489,3428
rect $df/d79/interface_o_s_geo_1_1_f_d_o_1_1_commands_1_1_long_transaction_1_1_i_commit_long_transaction.htm 1299,463 1741,489
rect $d2/d0d/interface_o_s_geo_1_1_f_d_o_1_1_connections_1_1_i_connection.htm 156,7708 420,7735
rect $df/df4/interface_o_s_geo_1_1_f_d_o_1_1_connections_1_1_capabilities_1_1_i_connection_capabilities.htm 84,3452 492,3479
rect $d5/db9/interface_o_s_geo_1_1_f_d_o_1_1_connections_1_1_i_connection_info.htm 145,7759 431,7785
rect $d7/d28/interface_o_s_geo_1_1_f_d_o_1_1_i_connection_manager.htm 171,2680 405,2707
rect $da/d34/interface_o_s_geo_1_1_f_d_o_1_1_connections_1_1_i_connection_property_dictionary.htm 101,6999 475,7025
rect $dd/d79/interface_o_s_geo_1_1_f_d_o_1_1_commands_1_1_data_store_1_1_i_create_data_store.htm 732,716 1089,743
rect $dd/d9d/interface_o_s_geo_1_1_f_d_o_1_1_commands_1_1_long_transaction_1_1_i_create_long_transaction.htm 693,1324 1128,1351
rect $d4/d2e/interface_o_s_geo_1_1_f_d_o_1_1_commands_1_1_long_transaction_1_1_i_create_long_transaction_checkpoint.htm 660,1273 1161,1300
rect $d2/de5/interface_o_s_geo_1_1_f_d_o_1_1_commands_1_1_unit_of_measure_1_1_i_create_measure_unit.htm 709,2337 1112,2364
rect $d2/d94/interface_o_s_geo_1_1_f_d_o_1_1_commands_1_1_spatial_context_1_1_i_create_spatial_context.htm 705,2135 1116,2161
rect $d6/d41/interface_o_s_geo_1_1_f_d_o_1_1_geometry_1_1_i_curve_abstract.htm 777,7252 1044,7279
rect $d0/db8/interface_o_s_geo_1_1_f_d_o_1_1_geometry_1_1_i_curve_polygon.htm 1388,7708 1652,7735
rect $dc/d56/interface_o_s_geo_1_1_f_d_o_1_1_geometry_1_1_i_curve_segment_abstract.htm 128,7151 448,7177
rect $db/d0c/interface_o_s_geo_1_1_f_d_o_1_1_geometry_1_1_i_curve_string.htm 1395,7151 1645,7177
rect $df/de1/interface_o_s_geo_1_1_f_d_o_1_1_commands_1_1_feature_1_1_i_data_reader.htm 753,361 1068,388
rect $df/dbb/interface_o_s_geo_1_1_f_d_o_1_1_commands_1_1_data_store_1_1_i_data_store_property_dictionary.htm 697,7049 1124,7076
rect $d4/d3b/interface_o_s_geo_1_1_f_d_o_1_1_commands_1_1_data_store_1_1_i_data_store_reader.htm 107,2844 469,2871
rect $db/d2d/interface_o_s_geo_1_1_f_d_o_1_1_commands_1_1_long_transaction_1_1_i_deactivate_long_transaction.htm 681,1375 1140,1401
rect $d7/d97/interface_o_s_geo_1_1_f_d_o_1_1_commands_1_1_feature_1_1_i_delete.htm 1379,108 1661,135
rect $d4/def/interface_o_s_geo_1_1_f_d_o_1_1_commands_1_1_schema_1_1_i_describe_schema.htm 737,1932 1084,1959
rect $d4/d8c/interface_o_s_geo_1_1_f_d_o_1_1_commands_1_1_schema_1_1_i_describe_schema_mapping.htm 711,1983 1111,2009
rect $d9/d0c/interface_o_s_geo_1_1_f_d_o_1_1_commands_1_1_data_store_1_1_i_destroy_data_store.htm 729,767 1092,793
rect $d7/da1/interface_o_s_geo_1_1_f_d_o_1_1_commands_1_1_unit_of_measure_1_1_i_destroy_measure_unit.htm 707,2388 1115,2415
rect $d3/d50/interface_o_s_geo_1_1_f_d_o_1_1_commands_1_1_schema_1_1_i_destroy_schema.htm 740,2033 1081,2060
rect $de/d67/interface_o_s_geo_1_1_f_d_o_1_1_commands_1_1_spatial_context_1_1_i_destroy_spatial_context.htm 703,2185 1119,2212
rect $d8/daa/interface_o_s_geo_1_1_f_d_o_1_1_geometry_1_1_i_direct_position.htm 156,8037 420,8064
rect $df/dd3/interface_o_s_geo_1_1_f_d_o_1_1_geometry_1_1_i_envelope.htm 171,8139 405,8165
rect $d4/da0/interface_o_s_geo_1_1_f_d_o_1_1_connections_1_1_capabilities_1_1_i_expression_capabilities.htm 85,3503 491,3529
rect $d0/dba/interface_o_s_geo_1_1_f_d_o_1_1_expression_1_1_i_expression_processor.htm 131,7911 445,7937
rect $d0/dad/interface_o_s_geo_1_1_f_d_o_1_1_commands_1_1_i_feature_command.htm 761,260 1060,287
rect $dd/d2c/interface_o_s_geo_1_1_f_d_o_1_1_commands_1_1_feature_1_1_i_feature_reader.htm 744,1121 1077,1148
rect $de/dbf/interface_o_s_geo_1_1_f_d_o_1_1_connections_1_1_capabilities_1_1_i_filter_capabilities.htm 103,7455 473,7481
rect $df/dcb/interface_o_s_geo_1_1_f_d_o_1_1_filter_1_1_i_filter_processor.htm 167,7961 409,7988
rect $d0/d2f/interface_o_s_geo_1_1_f_d_o_1_1_commands_1_1_long_transaction_1_1_i_freeze_long_transaction.htm 692,1425 1129,1452
rect $da/d7b/interface_o_s_geo_1_1_f_d_o_1_1_geometry_1_1_i_geometric_aggregate_abstract.htm 735,7303 1087,7329
rect $d2/d94/interface_o_s_geo_1_1_f_d_o_1_1_geometry_1_1_i_geometry.htm 168,7353 408,7380
rect $df/d53/interface_o_s_geo_1_1_f_d_o_1_1_connections_1_1_capabilities_1_1_i_geometry_capabilities.htm 88,7505 488,7532
rect $df/dab/interface_o_s_geo_1_1_f_d_o_1_1_commands_1_1_locking_1_1_i_get_locked_objects.htm 733,919 1088,945
rect $de/ddc/interface_o_s_geo_1_1_f_d_o_1_1_commands_1_1_locking_1_1_i_get_lock_info.htm 1363,311 1677,337
rect $d5/da7/interface_o_s_geo_1_1_f_d_o_1_1_commands_1_1_locking_1_1_i_get_lock_owners.htm 741,969 1080,996
rect $d3/dac/interface_o_s_geo_1_1_f_d_o_1_1_commands_1_1_long_transaction_1_1_i_get_long_transaction_checkpoints.htm 665,1476 1156,1503
rect $d6/d55/interface_o_s_geo_1_1_f_d_o_1_1_commands_1_1_long_transaction_1_1_i_get_long_transaction_privileges.htm 673,1577 1148,1604
rect $d7/d78/interface_o_s_geo_1_1_f_d_o_1_1_commands_1_1_long_transaction_1_1_i_get_long_transactions.htm 699,1729 1123,1756
rect $d1/d17/interface_o_s_geo_1_1_f_d_o_1_1_commands_1_1_long_transaction_1_1_i_get_long_transactions_in_set.htm 683,1780 1139,1807
rect $d2/dcd/interface_o_s_geo_1_1_f_d_o_1_1_commands_1_1_unit_of_measure_1_1_i_get_measure_units.htm 715,2439 1107,2465
rect $d6/d60/interface_o_s_geo_1_1_f_d_o_1_1_commands_1_1_spatial_context_1_1_i_get_spatial_contexts.htm 711,2236 1111,2263
rect $dc/deb/interface_o_s_geo_1_1_f_d_o_1_1_commands_1_1_feature_1_1_i_insert.htm 772,868 1049,895
rect $d6/d12/interface_o_s_geo_1_1_f_d_o_1_1_geometry_1_1_i_linear_ring.htm 788,8215 1033,8241
rect $da/d58/interface_o_s_geo_1_1_f_d_o_1_1_geometry_1_1_i_line_string.htm 1400,7303 1640,7329
rect $d6/de5/interface_o_s_geo_1_1_f_d_o_1_1_geometry_1_1_i_line_string_segment.htm 764,7201 1057,7228
rect $d4/dfb/interface_o_s_geo_1_1_f_d_o_1_1_commands_1_1_data_store_1_1_i_list_data_stores.htm 737,817 1084,844
rect $da/dd8/interface_o_s_geo_1_1_f_d_o_1_1_commands_1_1_locking_1_1_i_lock_conflict_reader.htm 108,2895 468,2921
rect $de/db1/interface_o_s_geo_1_1_f_d_o_1_1_commands_1_1_locking_1_1_i_locked_object_reader.htm 104,2945 472,2972
rect $dd/d95/interface_o_s_geo_1_1_f_d_o_1_1_commands_1_1_locking_1_1_i_lock_owners_reader.htm 108,2996 468,3023
rect $d9/dcb/interface_o_s_geo_1_1_f_d_o_1_1_commands_1_1_long_transaction_1_1_i_long_transaction_checkpoint_reader.htm 35,3047 541,3073
rect $d4/dc5/interface_o_s_geo_1_1_f_d_o_1_1_commands_1_1_long_transaction_1_1_i_long_transaction_conflict_directive_enumerator.htm 7,3097 569,3124
rect $d3/d9d/interface_o_s_geo_1_1_f_d_o_1_1_commands_1_1_long_transaction_1_1_i_long_transaction_privilege_reader.htm 43,3148 533,3175
rect $dc/d5d/interface_o_s_geo_1_1_f_d_o_1_1_commands_1_1_long_transaction_1_1_i_long_transaction_reader.htm 68,3199 508,3225
rect $d4/da1/interface_o_s_geo_1_1_f_d_o_1_1_commands_1_1_long_transaction_1_1_i_long_transaction_set_reader.htm 59,3249 517,3276
rect $de/d83/interface_o_s_geo_1_1_f_d_o_1_1_commands_1_1_unit_of_measure_1_1_i_measure_unit_reader.htm 85,3351 491,3377
rect $db/d5b/interface_o_s_geo_1_1_f_d_o_1_1_geometry_1_1_i_multi_curve_polygon.htm 1373,7353 1667,7380
rect $d3/d64/interface_o_s_geo_1_1_f_d_o_1_1_geometry_1_1_i_multi_curve_string.htm 1380,7404 1660,7431
rect $d4/d26/interface_o_s_geo_1_1_f_d_o_1_1_geometry_1_1_i_multi_geometry.htm 1387,7455 1653,7481
rect $d8/dc7/interface_o_s_geo_1_1_f_d_o_1_1_geometry_1_1_i_multi_line_string.htm 1385,7556 1655,7583
rect $db/d33/interface_o_s_geo_1_1_f_d_o_1_1_geometry_1_1_i_multi_point.htm 1400,7607 1640,7633
rect $d1/d9a/interface_o_s_geo_1_1_f_d_o_1_1_geometry_1_1_i_multi_polygon.htm 1392,7657 1648,7684
rect $de/db3/interface_o_s_geo_1_1_f_d_o_1_1_commands_1_1_schema_1_1_i_physical_element_mapping.htm 713,3604 1108,3631
rect $d2/d94/interface_o_s_geo_1_1_f_d_o_1_1_commands_1_1_schema_1_1_i_physical_property_mapping.htm 1321,3376 1719,3403
rect $d5/d1e/interface_o_s_geo_1_1_f_d_o_1_1_geometry_1_1_i_point.htm 805,7809 1016,7836
rect $d5/d22/interface_o_s_geo_1_1_f_d_o_1_1_geometry_1_1_i_polygon.htm 1405,7860 1635,7887
rect $d4/da8/interface_o_s_geo_1_1_f_d_o_1_1_i_provider_registry.htm 181,2756 395,2783
rect $da/d53/interface_o_s_geo_1_1_f_d_o_1_1_raster_1_1_i_raster.htm 188,8367 388,8393
rect $d6/df3/interface_o_s_geo_1_1_f_d_o_1_1_connections_1_1_capabilities_1_1_i_raster_capabilities.htm 99,7556 477,7583
rect $d3/de3/interface_o_s_geo_1_1_f_d_o_1_1_raster_1_1_i_raster_property_dictionary.htm 133,8417 443,8444
rect $d9/dbd/interface_o_s_geo_1_1_f_d_o_1_1_commands_1_1_feature_1_1_i_reader.htm 144,513 432,540
rect $dd/d9e/interface_o_s_geo_1_1_f_d_o_1_1_commands_1_1_locking_1_1_i_release_lock.htm 1360,412 1680,439
rect $d9/dc3/interface_o_s_geo_1_1_f_d_o_1_1_geometry_1_1_i_ring.htm 807,8316 1015,8343
rect $d1/d85/interface_o_s_geo_1_1_f_d_o_1_1_geometry_1_1_i_ring_abstract.htm 160,8265 416,8292
rect $d5/d4f/interface_o_s_geo_1_1_f_d_o_1_1_commands_1_1_long_transaction_1_1_i_rollback_long_transaction.htm 1296,513 1744,540
rect $d6/da8/interface_o_s_geo_1_1_f_d_o_1_1_commands_1_1_long_transaction_1_1_i_rollback_long_transaction_checkpoint.htm 653,1831 1168,1857
rect $df/dca/interface_o_s_geo_1_1_f_d_o_1_1_connections_1_1_capabilities_1_1_i_schema_capabilities.htm 93,7607 483,7633
rect $d1/d46/interface_o_s_geo_1_1_f_d_o_1_1_commands_1_1_feature_1_1_i_select.htm 1931,108 2211,135
rect $d6/dca/interface_o_s_geo_1_1_f_d_o_1_1_commands_1_1_feature_1_1_i_select_aggregates.htm 1896,7 2245,33
rect $dd/d26/interface_o_s_geo_1_1_f_d_o_1_1_commands_1_1_spatial_context_1_1_i_spatial_context_reader.htm 81,2565 495,2592
rect $d9/df0/interface_o_s_geo_1_1_f_d_o_1_1_commands_1_1_s_q_l_1_1_i_s_q_l_command.htm 755,2287 1067,2313
rect $d6/d91/interface_o_s_geo_1_1_f_d_o_1_1_commands_1_1_s_q_l_1_1_i_s_q_l_data_reader.htm 127,3300 449,3327
rect $d9/d1f/interface_o_s_geo_1_1_f_d_o_1_1_common_1_1_i_stream_reader.htm 157,3655 419,3681
rect $d2/d79/interface_o_s_geo_1_1_f_d_o_1_1_geometry_1_1_i_surface_abstract.htm 773,7404 1048,7431
rect $db/d0a/interface_o_s_geo_1_1_f_d_o_1_1_connections_1_1_capabilities_1_1_i_topology_capabilities.htm 91,7657 485,7684
rect $df/d6d/interface_o_s_geo_1_1_f_d_o_1_1_connections_1_1_i_transaction.htm 155,7860 421,7887
rect $dc/db5/interface_o_s_geo_1_1_f_d_o_1_1_commands_1_1_feature_1_1_i_update.htm 1377,159 1663,185
rect $d3/db1/interface_o_s_geo_1_1_f_d_o_1_1_xml_1_1_i_xml_deserializable.htm 163,665 413,692
rect $df/deb/interface_o_s_geo_1_1_f_d_o_1_1_common_1_1_xml_1_1_i_xml_sax_handler.htm 139,3553 437,3580
rect $d5/d78/interface_o_s_geo_1_1_f_d_o_1_1_xml_1_1_i_xml_serializable.htm 169,615 407,641
