base referer
rect $d1/df8/class_fdo_i_activate_long_transaction.html 7,583 201,695
rect $da/db9/class_fdo_i_activate_long_transaction_checkpoint.html 225,583 487,695
rect $d4/d65/class_fdo_i_activate_spatial_context.html 511,583 695,695
rect $d0/dcc/class_fdo_i_apply_schema.html 719,551 884,727
rect $da/d49/class_fdo_i_change_long_transaction_privileges.html 908,535 1161,743
rect $d6/d4e/class_fdo_i_change_long_transaction_set.html 1185,567 1399,711
rect $de/d2f/class_fdo_i_create_data_store.html 1423,591 1607,687
rect $d3/d2d/class_fdo_i_create_long_transaction.html 1631,567 1817,711
rect $d0/dea/class_fdo_i_create_long_transaction_checkpoint.html 1841,551 2095,727
rect $d8/dc4/class_fdo_i_create_measure_unit.html 2119,503 2281,775
rect $db/da2/class_fdo_i_create_spatial_context.html 2305,455 2503,823
rect $dc/dfc/class_fdo_i_deactivate_long_transaction.html 2527,599 2737,679
rect $d6/ddd/class_fdo_i_describe_schema.html 2761,583 2911,695
rect $d2/df1/class_fdo_i_describe_schema_mapping.html 2935,567 3137,711
rect $d6/db1/class_fdo_i_destroy_data_store.html 3161,591 3345,687
rect $d0/d55/class_fdo_i_destroy_measure_unit.html 3369,583 3540,695
rect $df/d45/class_fdo_i_destroy_schema.html 3564,583 3713,695
rect $d4/d04/class_fdo_i_destroy_spatial_context.html 3737,583 3919,695
rect $d6/d2e/class_fdo_i_feature_command.html 3943,559 4121,719
rect $da/d62/class_fdo_i_freeze_long_transaction.html 4145,567 4335,711
rect $db/d11/class_fdo_i_get_locked_objects.html 4359,583 4516,695
rect $d4/ded/class_fdo_i_get_lock_owners.html 4540,599 4684,679
rect $dd/dc0/class_fdo_i_get_long_transaction_checkpoints.html 4708,583 4951,695
rect $d4/d9c/class_fdo_i_get_long_transaction_privileges.html 4975,583 5201,695
rect $d1/d69/class_fdo_i_get_long_transactions.html 5225,583 5401,695
rect $da/dc5/class_fdo_i_get_long_transactions_in_set.html 5425,599 5631,679
rect $de/da6/class_fdo_i_get_measure_units.html 5655,599 5807,679
rect $d5/d3b/class_fdo_i_get_spatial_contexts.html 5831,583 5996,695
rect $d4/d72/class_fdo_i_insert.html 6020,559 6220,719
rect $d0/dd5/class_fdo_i_list_data_stores.html 6244,583 6511,695
rect $dc/d17/class_fdo_i_rollback_long_transaction_checkpoint.html 6535,567 6801,711
rect $d9/d7f/class_fdo_i_s_q_l_command.html 6825,575 6977,703
rect $d7/da5/class_fdo_i_disposable.html 3475,7 3619,167
