base referer
rect $d8/dcd/mg_i_create_data_store_8h.html 235,7 389,33
rect $de/dd2/mg_i_data_store_reader_8h.html 233,57 391,84
rect $d4/d02/mg_i_destroy_data_store_8h.html 231,108 393,135
rect $dc/df1/mg_i_list_data_stores_8h.html 240,159 384,185
rect $de/d52/mg_i_insert_8h.html 268,209 356,236
rect $d7/d3a/mg_i_get_locked_objects_8h.html 229,260 395,287
rect $d4/d72/mg_i_get_lock_owners_8h.html 236,311 388,337
rect $d6/df4/mg_i_activate_long_transaction_8h.html 211,361 413,388
rect $d5/db0/mg_i_activate_long_transaction_checkpoint_8h.html 177,412 447,439
rect $d8/d08/mg_i_change_long_transaction_privileges_8h.html 183,463 441,489
rect $d6/dd3/mg_i_change_long_transaction_set_8h.html 201,513 423,540
rect $d5/d59/mg_i_create_long_transaction_8h.html 215,564 409,591
rect $d4/ddf/mg_i_create_long_transaction_checkpoint_8h.html 181,615 443,641
rect $d0/d3f/mg_i_deactivate_long_transaction_8h.html 203,665 421,692
rect $dd/d08/mg_i_freeze_long_transaction_8h.html 215,716 409,743
rect $d1/d4b/mg_i_get_long_transaction_checkpoints_8h.html 188,767 436,793
rect $de/da3/mg_i_get_long_transaction_privileges_8h.html 195,817 429,844
rect $d0/d50/mg_i_get_long_transactions_8h.html 221,868 403,895
rect $dc/d92/mg_i_get_long_transactions_in_set_8h.html 205,919 419,945
rect $d1/db0/mg_i_rollback_long_transaction_checkpoint_8h.html 176,969 448,996
rect $d8/d9a/mg_i_command_imp_8h.html 241,1020 383,1047
rect $d5/d30/mg_i_feature_command_8h.html 231,1071 393,1097
rect $d7/db3/mg_i_apply_schema_8h.html 243,1121 381,1148
rect $d1/dc7/mg_i_describe_schema_8h.html 233,1172 391,1199
rect $d2/da7/mg_i_describe_schema_mapping_8h.html 208,1223 416,1249
rect $dc/d7e/mg_i_destroy_schema_8h.html 237,1273 387,1300
rect $d9/d73/mg_i_activate_spatial_context_8h.html 216,1324 408,1351
rect $d7/d5f/mg_i_create_spatial_context_8h.html 220,1375 404,1401
rect $da/d9d/mg_i_destroy_spatial_context_8h.html 217,1425 407,1452
rect $d8/d48/mg_i_get_spatial_contexts_8h.html 227,1476 397,1503
rect $d4/d4a/mg_i_s_q_l_command_8h.html 240,1527 384,1553
rect $d6/d50/mg_i_create_measure_unit_8h.html 227,1577 397,1604
rect $d8/d54/mg_i_destroy_measure_unit_8h.html 224,1628 400,1655
rect $d0/dce/mg_i_get_measure_units_8h.html 232,1679 392,1705
