./docs/XmlSchema/XmlSchema/FdoMySQLOverride.xsd
./docs/XmlSchema/XmlSchema/FdoRdbmsOverride.xsd
./include/Rdbms/FdoMySql.h
./include/Rdbms/FdoOdbc.h
./include/Rdbms/FdoRdbmsCommandType.h
./include/Rdbms/FdoSQLServerSpatial.h
./include/Rdbms/ICreateSpatialIndex.h
./include/Rdbms/IDestroySpatialIndex.h
./include/Rdbms/IGetSpatialIndexes.h
./include/Rdbms/ISpatialIndexReader.h
./include/Rdbms/Override/MySql/MySqlOvAssociationPropertyDefinition.h
./include/Rdbms/Override/MySql/MySqlOvClassCollection.h
./include/Rdbms/Override/MySql/MySqlOvClassDefinition.h
./include/Rdbms/Override/MySql/MySqlOvColumn.h
./include/Rdbms/Override/MySql/MySqlOvDataPropertyDefinitionCollection.h
./include/Rdbms/Override/MySql/MySqlOvDataPropertyDefinition.h
./include/Rdbms/Override/MySql/MySqlOvGeometricColumn.h
./include/Rdbms/Override/MySql/MySqlOvGeometricPropertyDefinition.h
./include/Rdbms/Override/MySql/MySqlOv.h
./include/Rdbms/Override/MySql/MySqlOvObjectPropertyDefinition.h
./include/Rdbms/Override/MySql/MySqlOvPhysicalSchemaMapping.h
./include/Rdbms/Override/MySql/MySqlOvPropertyDefinitionCollection.h
./include/Rdbms/Override/MySql/MySqlOvPropertyDefinition.h
./include/Rdbms/Override/MySql/MySqlOvPropertyMappingClass.h
./include/Rdbms/Override/MySql/MySqlOvPropertyMappingConcrete.h
./include/Rdbms/Override/MySql/MySqlOvPropertyMappingDefinition.h
./include/Rdbms/Override/MySql/MySqlOvPropertyMappingRelation.h
./include/Rdbms/Override/MySql/MySqlOvPropertyMappingSingle.h
./include/Rdbms/Override/MySql/MySqlOvStorageEngineType.h
./include/Rdbms/Override/MySql/MySqlOvTable.h
./include/Rdbms/Override/Odbc/OdbcOvClassCollection.h
./include/Rdbms/Override/Odbc/OdbcOvClassDefinition.h
./include/Rdbms/Override/Odbc/OdbcOvColumn.h
./include/Rdbms/Override/Odbc/OdbcOvDataPropertyDefinition.h
./include/Rdbms/Override/Odbc/OdbcOvGeometricPropertyDefinition.h
./include/Rdbms/Override/Odbc/OdbcOv.h
./include/Rdbms/Override/Odbc/OdbcOvPhysicalSchemaMapping.h
./include/Rdbms/Override/Odbc/OdbcOvPropertyDefinitionCollection.h
./include/Rdbms/Override/Odbc/OdbcOvPropertyDefinition.h
./include/Rdbms/Override/Odbc/OdbcOvTable.h
./include/Rdbms/Override/RdbmsOvAssociationPropertyDefinition.h
./include/Rdbms/Override/RdbmsOvClassCollection.h
./include/Rdbms/Override/RdbmsOvClassDefinition.h
./include/Rdbms/Override/RdbmsOvColumn.h
./include/Rdbms/Override/RdbmsOvDataPropertyDefinition.h
./include/Rdbms/Override/RdbmsOvGeometricColumn.h
./include/Rdbms/Override/RdbmsOvGeometricPropertyDefinition.h
./include/Rdbms/Override/RdbmsOv.h
./include/Rdbms/Override/RdbmsOvObjectPropertyDefinition.h
./include/Rdbms/Override/RdbmsOvPhysicalSchemaMapping.h
./include/Rdbms/Override/RdbmsOvPropertyDefinitionCollection.h
./include/Rdbms/Override/RdbmsOvPropertyDefinition.h
./include/Rdbms/Override/RdbmsOvPropertyMappingClass.h
./include/Rdbms/Override/RdbmsOvPropertyMappingConcrete.h
./include/Rdbms/Override/RdbmsOvPropertyMappingDefinition.h
./include/Rdbms/Override/RdbmsOvPropertyMappingRelation.h
./include/Rdbms/Override/RdbmsOvPropertyMappingSingle.h
./include/Rdbms/Override/RdbmsOvSchemaAutoGeneration.h
./include/Rdbms/Override/RdbmsOvTable.h
./include/Rdbms/SpatialIndexDimensionType.h
./include/Rdbms/SpatialIndexType.h
./lib/com/AlterSchemaMySQL.sql
./lib/com/fdo_sys_idx.sql
./lib/com/fdo_sys.sql
./lib/com/fdosys_sys.sql
./lib/libFdoMySQL-3.5.0.so
./lib/libFdoMySQL.la
./lib/libFdoMySQL.so
./lib/libFdoODBC-3.5.0.so
./lib/libFdoODBC.la
./lib/libFdoODBC.so
./lib/libFdoPostgreSQL-3.5.0.so
./lib/libFdoPostgreSQL.la
./lib/libFdoPostgreSQL.so
./lib/libSchemaMgr_OV-3.5.0.so
./lib/libSchemaMgr_OV.la
./lib/libSchemaMgr_OV.so
./nls/fdordbmsmsg.cat
